

================================================================
== Vivado HLS Report for 'CNN_1D_Loop_2_proc14'
================================================================
* Date:           Sun Jul  1 02:49:29 2018

* Version:        2017.4 (Build 2086221 on Fri Dec 15 21:13:33 MST 2017)
* Project:        Conv12
* Solution:       A_Otra
* Product family: zynq
* Target device:  xc7z020clg484-1


================================================================
== Performance Estimates
================================================================
+ Timing (ns): 
    * Summary: 
    +--------+-------+----------+------------+
    |  Clock | Target| Estimated| Uncertainty|
    +--------+-------+----------+------------+
    |ap_clk  |  10.00|      9.40|        1.25|
    +--------+-------+----------+------------+

+ Latency (clock cycles): 
    * Summary: 
    +------+------+------+------+---------+
    |   Latency   |   Interval  | Pipeline|
    |  min |  max |  min |  max |   Type  |
    +------+------+------+------+---------+
    |  4071|  4071|  4071|  4071|   none  |
    +------+------+------+------+---------+

    + Detail: 
        * Instance: 
        +-------------------------------+-------------------+-----+-----+-----+-----+----------+
        |                               |                   |  Latency  |  Interval | Pipeline |
        |            Instance           |       Module      | min | max | min | max |   Type   |
        +-------------------------------+-------------------+-----+-----+-----+-----+----------+
        |grp_Layer2_mult_inner_fu_2023  |Layer2_mult_inner  |    4|    4|    1|    1| function |
        |grp_Layer2_mult_inner_fu_2046  |Layer2_mult_inner  |    4|    4|    1|    1| function |
        |grp_Layer2_mult_inner_fu_2069  |Layer2_mult_inner  |    4|    4|    1|    1| function |
        |grp_Layer2_mult_inner_fu_2092  |Layer2_mult_inner  |    4|    4|    1|    1| function |
        |grp_Layer2_mult_inner_fu_2115  |Layer2_mult_inner  |    4|    4|    1|    1| function |
        |grp_Layer2_mult_inner_fu_2138  |Layer2_mult_inner  |    4|    4|    1|    1| function |
        |grp_Layer2_mult_inner_fu_2161  |Layer2_mult_inner  |    4|    4|    1|    1| function |
        |grp_Layer2_mult_inner_fu_2184  |Layer2_mult_inner  |    4|    4|    1|    1| function |
        |grp_Layer2_mult_inner_fu_2207  |Layer2_mult_inner  |    4|    4|    1|    1| function |
        |grp_Layer2_mult_inner_fu_2230  |Layer2_mult_inner  |    4|    4|    1|    1| function |
        +-------------------------------+-------------------+-----+-----+-----+-----+----------+

        * Loop: 
        +---------------------------+------+------+----------+-----------+-----------+------+----------+
        |                           |   Latency   | Iteration|  Initiation Interval  | Trip |          |
        |         Loop Name         |  min |  max |  Latency |  achieved |   target  | Count| Pipelined|
        +---------------------------+------+------+----------+-----------+-----------+------+----------+
        |- Loop 1                   |  4070|  4070|       407|          -|          -|    10|    no    |
        | + Buffer_weight3_outer    |   290|   290|        29|          -|          -|    10|    no    |
        |  ++ Buffer_weight3_inner  |    27|    27|         3|          -|          -|     9|    no    |
        | + Convolution_Loop        |   113|   113|        11|          1|          1|   104|    yes   |
        +---------------------------+------+------+----------+-----------+-----------+------+----------+



================================================================
== Utilization Estimates
================================================================
* Summary: 
+-----------------+---------+-------+--------+-------+
|       Name      | BRAM_18K| DSP48E|   FF   |  LUT  |
+-----------------+---------+-------+--------+-------+
|DSP              |        -|      -|       -|      -|
|Expression       |        -|      -|       0|    657|
|FIFO             |        -|      -|       -|      -|
|Instance         |        0|     90|   12870|   2650|
|Memory           |        -|      -|       -|      -|
|Multiplexer      |        -|      -|       -|   1765|
|Register         |        0|      -|    3895|     64|
+-----------------+---------+-------+--------+-------+
|Total            |        0|     90|   16765|   5136|
+-----------------+---------+-------+--------+-------+
|Available        |      280|    220|  106400|  53200|
+-----------------+---------+-------+--------+-------+
|Utilization (%)  |        0|     40|      15|      9|
+-----------------+---------+-------+--------+-------+

+ Detail: 
    * Instance: 
    +-------------------------------+-------------------+---------+-------+------+-----+
    |            Instance           |       Module      | BRAM_18K| DSP48E|  FF  | LUT |
    +-------------------------------+-------------------+---------+-------+------+-----+
    |grp_Layer2_mult_inner_fu_2023  |Layer2_mult_inner  |        0|      9|  1287|  265|
    |grp_Layer2_mult_inner_fu_2046  |Layer2_mult_inner  |        0|      9|  1287|  265|
    |grp_Layer2_mult_inner_fu_2069  |Layer2_mult_inner  |        0|      9|  1287|  265|
    |grp_Layer2_mult_inner_fu_2092  |Layer2_mult_inner  |        0|      9|  1287|  265|
    |grp_Layer2_mult_inner_fu_2115  |Layer2_mult_inner  |        0|      9|  1287|  265|
    |grp_Layer2_mult_inner_fu_2138  |Layer2_mult_inner  |        0|      9|  1287|  265|
    |grp_Layer2_mult_inner_fu_2161  |Layer2_mult_inner  |        0|      9|  1287|  265|
    |grp_Layer2_mult_inner_fu_2184  |Layer2_mult_inner  |        0|      9|  1287|  265|
    |grp_Layer2_mult_inner_fu_2207  |Layer2_mult_inner  |        0|      9|  1287|  265|
    |grp_Layer2_mult_inner_fu_2230  |Layer2_mult_inner  |        0|      9|  1287|  265|
    +-------------------------------+-------------------+---------+-------+------+-----+
    |Total                          |                   |        0|     90| 12870| 2650|
    +-------------------------------+-------------------+---------+-------+------+-----+

    * DSP48: 
    N/A

    * Memory: 
    N/A

    * FIFO: 
    N/A

    * Expression: 
    +------------------------------------+----------+-------+---+----+------------+------------+
    |            Variable Name           | Operation| DSP48E| FF| LUT| Bitwidth P0| Bitwidth P1|
    +------------------------------------+----------+-------+---+----+------------+------------+
    |i_4_fu_2305_p2                      |     +    |      0|  0|  13|           4|           1|
    |i_fu_2820_p2                        |     +    |      0|  0|  15|           7|           1|
    |j_fu_2344_p2                        |     +    |      0|  0|  13|           4|           1|
    |out_V_2_fu_3973_p2                  |     +    |      0|  0|  18|          18|          18|
    |p_fu_2259_p2                        |     +    |      0|  0|  13|           4|           1|
    |tmp10_fu_3945_p2                    |     +    |      0|  0|  25|          18|          18|
    |tmp11_fu_3949_p2                    |     +    |      0|  0|  18|          18|          18|
    |tmp12_fu_3954_p2                    |     +    |      0|  0|  18|          18|          18|
    |tmp13_fu_3958_p2                    |     +    |      0|  0|  18|          18|          18|
    |tmp14_fu_3963_p2                    |     +    |      0|  0|  18|          18|          18|
    |tmp7_fu_3936_p2                     |     +    |      0|  0|  18|          18|          18|
    |tmp8_fu_3940_p2                     |     +    |      0|  0|  18|          18|          18|
    |tmp9_fu_3969_p2                     |     +    |      0|  0|  18|          18|          18|
    |tmp_94_fu_2293_p2                   |     +    |      0|  0|  15|           8|           8|
    |tmp_95_fu_2315_p2                   |     +    |      0|  0|  15|           8|           8|
    |tmp_96_fu_2332_p2                   |     +    |      0|  0|  18|          11|          11|
    |tmp_97_fu_2354_p2                   |     +    |      0|  0|  18|          11|          11|
    |tmp_fu_3931_p2                      |     +    |      0|  0|  25|          18|          18|
    |ap_condition_3281                   |    and   |      0|  0|   8|           1|           1|
    |ap_condition_587                    |    and   |      0|  0|   8|           1|           1|
    |ap_predicate_op1122_write_state17   |    and   |      0|  0|   8|           1|           1|
    |ap_predicate_op1123_write_state17   |    and   |      0|  0|   8|           1|           1|
    |ap_predicate_op1124_write_state17   |    and   |      0|  0|   8|           1|           1|
    |ap_predicate_op1125_write_state17   |    and   |      0|  0|   8|           1|           1|
    |ap_predicate_op1126_write_state17   |    and   |      0|  0|   8|           1|           1|
    |ap_predicate_op1127_write_state17   |    and   |      0|  0|   8|           1|           1|
    |ap_predicate_op1128_write_state17   |    and   |      0|  0|   8|           1|           1|
    |ap_predicate_op1129_write_state17   |    and   |      0|  0|   8|           1|           1|
    |ap_predicate_op1130_write_state17   |    and   |      0|  0|   8|           1|           1|
    |ap_predicate_op1131_write_state17   |    and   |      0|  0|   8|           1|           1|
    |ap_predicate_op1133_write_state17   |    and   |      0|  0|   8|           1|           1|
    |ap_predicate_op1134_write_state17   |    and   |      0|  0|   8|           1|           1|
    |ap_predicate_op1135_write_state17   |    and   |      0|  0|   8|           1|           1|
    |ap_predicate_op1136_write_state17   |    and   |      0|  0|   8|           1|           1|
    |ap_predicate_op1137_write_state17   |    and   |      0|  0|   8|           1|           1|
    |ap_predicate_op1138_write_state17   |    and   |      0|  0|   8|           1|           1|
    |ap_predicate_op1139_write_state17   |    and   |      0|  0|   8|           1|           1|
    |ap_predicate_op1140_write_state17   |    and   |      0|  0|   8|           1|           1|
    |ap_predicate_op1141_write_state17   |    and   |      0|  0|   8|           1|           1|
    |ap_predicate_op1142_write_state17   |    and   |      0|  0|   8|           1|           1|
    |ap_predicate_op547_read_state8      |    and   |      0|  0|   8|           1|           1|
    |ap_predicate_op549_read_state8      |    and   |      0|  0|   8|           1|           1|
    |ap_predicate_op551_read_state8      |    and   |      0|  0|   8|           1|           1|
    |ap_predicate_op553_read_state8      |    and   |      0|  0|   8|           1|           1|
    |ap_predicate_op555_read_state8      |    and   |      0|  0|   8|           1|           1|
    |ap_predicate_op557_read_state8      |    and   |      0|  0|   8|           1|           1|
    |ap_predicate_op559_read_state8      |    and   |      0|  0|   8|           1|           1|
    |ap_predicate_op561_read_state8      |    and   |      0|  0|   8|           1|           1|
    |ap_predicate_op563_read_state8      |    and   |      0|  0|   8|           1|           1|
    |ap_predicate_op940_call_state9      |    and   |      0|  0|   8|           1|           1|
    |exitcond34_i_i_fu_2814_p2           |   icmp   |      0|  0|  11|           7|           6|
    |exitcond35_i_i_fu_2338_p2           |   icmp   |      0|  0|   9|           4|           4|
    |exitcond36_i_i_fu_2299_p2           |   icmp   |      0|  0|   9|           4|           4|
    |exitcond37_i_i_fu_2253_p2           |   icmp   |      0|  0|   9|           4|           4|
    |icmp_fu_3104_p2                     |   icmp   |      0|  0|   9|           4|           1|
    |ap_block_pp0_stage0_01001           |    or    |      0|  0|   8|           1|           1|
    |ap_block_state1                     |    or    |      0|  0|   8|           1|           1|
    |ap_block_state17_pp0_stage0_iter10  |    or    |      0|  0|   8|           1|           1|
    |ap_block_state8_pp0_stage0_iter1    |    or    |      0|  0|   8|           1|           1|
    |ap_enable_pp0                       |    xor   |      0|  0|   8|           1|           2|
    +------------------------------------+----------+-------+---+----+------------+------------+
    |Total                               |          |      0|  0| 657|         297|         279|
    +------------------------------------+----------+-------+---+----+------------+------------+

    * Multiplexer: 
    +-----------------------------------------------------+----+-----------+-----+-----------+
    |                         Name                        | LUT| Input Size| Bits| Total Bits|
    +-----------------------------------------------------+----+-----------+-----+-----------+
    |Conv2_Inter_0_V_V_blk_n                              |   9|          2|    1|          2|
    |Conv2_Inter_0_V_V_din                                |  15|          3|   18|         54|
    |Conv2_Inter_1_V_V_blk_n                              |   9|          2|    1|          2|
    |Conv2_Inter_1_V_V_din                                |  15|          3|   18|         54|
    |Conv2_Inter_2_V_V_blk_n                              |   9|          2|    1|          2|
    |Conv2_Inter_2_V_V_din                                |  15|          3|   18|         54|
    |Conv2_Inter_3_V_V_blk_n                              |   9|          2|    1|          2|
    |Conv2_Inter_3_V_V_din                                |  15|          3|   18|         54|
    |Conv2_Inter_4_V_V_blk_n                              |   9|          2|    1|          2|
    |Conv2_Inter_4_V_V_din                                |  15|          3|   18|         54|
    |Conv2_Inter_5_V_V_blk_n                              |   9|          2|    1|          2|
    |Conv2_Inter_5_V_V_din                                |  15|          3|   18|         54|
    |Conv2_Inter_6_V_V_blk_n                              |   9|          2|    1|          2|
    |Conv2_Inter_6_V_V_din                                |  15|          3|   18|         54|
    |Conv2_Inter_7_V_V_blk_n                              |   9|          2|    1|          2|
    |Conv2_Inter_7_V_V_din                                |  15|          3|   18|         54|
    |Conv2_Inter_8_V_V_blk_n                              |   9|          2|    1|          2|
    |Conv2_Inter_8_V_V_din                                |  15|          3|   18|         54|
    |Conv2_Inter_9_V_V_blk_n                              |   9|          2|    1|          2|
    |Conv2_Inter_9_V_V_din                                |  15|          3|   18|         54|
    |Layer1_Int_0_0_V_V_blk_n                             |   9|          2|    1|          2|
    |Layer1_Int_0_1_V_V_blk_n                             |   9|          2|    1|          2|
    |Layer1_Int_0_2_V_V_blk_n                             |   9|          2|    1|          2|
    |Layer1_Int_0_3_V_V_blk_n                             |   9|          2|    1|          2|
    |Layer1_Int_0_4_V_V_blk_n                             |   9|          2|    1|          2|
    |Layer1_Int_0_5_V_V_blk_n                             |   9|          2|    1|          2|
    |Layer1_Int_0_6_V_V_blk_n                             |   9|          2|    1|          2|
    |Layer1_Int_0_7_V_V_blk_n                             |   9|          2|    1|          2|
    |Layer1_Int_0_8_V_V_blk_n                             |   9|          2|    1|          2|
    |Layer1_Int_0_9_V_V_blk_n                             |   9|          2|    1|          2|
    |Layer1_Int_1_0_V_V_blk_n                             |   9|          2|    1|          2|
    |Layer1_Int_1_1_V_V_blk_n                             |   9|          2|    1|          2|
    |Layer1_Int_1_2_V_V_blk_n                             |   9|          2|    1|          2|
    |Layer1_Int_1_3_V_V_blk_n                             |   9|          2|    1|          2|
    |Layer1_Int_1_4_V_V_blk_n                             |   9|          2|    1|          2|
    |Layer1_Int_1_5_V_V_blk_n                             |   9|          2|    1|          2|
    |Layer1_Int_1_6_V_V_blk_n                             |   9|          2|    1|          2|
    |Layer1_Int_1_7_V_V_blk_n                             |   9|          2|    1|          2|
    |Layer1_Int_1_8_V_V_blk_n                             |   9|          2|    1|          2|
    |Layer1_Int_1_9_V_V_blk_n                             |   9|          2|    1|          2|
    |Layer1_Int_2_0_V_V_blk_n                             |   9|          2|    1|          2|
    |Layer1_Int_2_1_V_V_blk_n                             |   9|          2|    1|          2|
    |Layer1_Int_2_2_V_V_blk_n                             |   9|          2|    1|          2|
    |Layer1_Int_2_3_V_V_blk_n                             |   9|          2|    1|          2|
    |Layer1_Int_2_4_V_V_blk_n                             |   9|          2|    1|          2|
    |Layer1_Int_2_5_V_V_blk_n                             |   9|          2|    1|          2|
    |Layer1_Int_2_6_V_V_blk_n                             |   9|          2|    1|          2|
    |Layer1_Int_2_7_V_V_blk_n                             |   9|          2|    1|          2|
    |Layer1_Int_2_8_V_V_blk_n                             |   9|          2|    1|          2|
    |Layer1_Int_2_9_V_V_blk_n                             |   9|          2|    1|          2|
    |Layer1_Int_3_0_V_V_blk_n                             |   9|          2|    1|          2|
    |Layer1_Int_3_1_V_V_blk_n                             |   9|          2|    1|          2|
    |Layer1_Int_3_2_V_V_blk_n                             |   9|          2|    1|          2|
    |Layer1_Int_3_3_V_V_blk_n                             |   9|          2|    1|          2|
    |Layer1_Int_3_4_V_V_blk_n                             |   9|          2|    1|          2|
    |Layer1_Int_3_5_V_V_blk_n                             |   9|          2|    1|          2|
    |Layer1_Int_3_6_V_V_blk_n                             |   9|          2|    1|          2|
    |Layer1_Int_3_7_V_V_blk_n                             |   9|          2|    1|          2|
    |Layer1_Int_3_8_V_V_blk_n                             |   9|          2|    1|          2|
    |Layer1_Int_3_9_V_V_blk_n                             |   9|          2|    1|          2|
    |Layer1_Int_4_0_V_V_blk_n                             |   9|          2|    1|          2|
    |Layer1_Int_4_1_V_V_blk_n                             |   9|          2|    1|          2|
    |Layer1_Int_4_2_V_V_blk_n                             |   9|          2|    1|          2|
    |Layer1_Int_4_3_V_V_blk_n                             |   9|          2|    1|          2|
    |Layer1_Int_4_4_V_V_blk_n                             |   9|          2|    1|          2|
    |Layer1_Int_4_5_V_V_blk_n                             |   9|          2|    1|          2|
    |Layer1_Int_4_6_V_V_blk_n                             |   9|          2|    1|          2|
    |Layer1_Int_4_7_V_V_blk_n                             |   9|          2|    1|          2|
    |Layer1_Int_4_8_V_V_blk_n                             |   9|          2|    1|          2|
    |Layer1_Int_4_9_V_V_blk_n                             |   9|          2|    1|          2|
    |Layer1_Int_5_0_V_V_blk_n                             |   9|          2|    1|          2|
    |Layer1_Int_5_1_V_V_blk_n                             |   9|          2|    1|          2|
    |Layer1_Int_5_2_V_V_blk_n                             |   9|          2|    1|          2|
    |Layer1_Int_5_3_V_V_blk_n                             |   9|          2|    1|          2|
    |Layer1_Int_5_4_V_V_blk_n                             |   9|          2|    1|          2|
    |Layer1_Int_5_5_V_V_blk_n                             |   9|          2|    1|          2|
    |Layer1_Int_5_6_V_V_blk_n                             |   9|          2|    1|          2|
    |Layer1_Int_5_7_V_V_blk_n                             |   9|          2|    1|          2|
    |Layer1_Int_5_8_V_V_blk_n                             |   9|          2|    1|          2|
    |Layer1_Int_5_9_V_V_blk_n                             |   9|          2|    1|          2|
    |Layer1_Int_6_0_V_V_blk_n                             |   9|          2|    1|          2|
    |Layer1_Int_6_1_V_V_blk_n                             |   9|          2|    1|          2|
    |Layer1_Int_6_2_V_V_blk_n                             |   9|          2|    1|          2|
    |Layer1_Int_6_3_V_V_blk_n                             |   9|          2|    1|          2|
    |Layer1_Int_6_4_V_V_blk_n                             |   9|          2|    1|          2|
    |Layer1_Int_6_5_V_V_blk_n                             |   9|          2|    1|          2|
    |Layer1_Int_6_6_V_V_blk_n                             |   9|          2|    1|          2|
    |Layer1_Int_6_7_V_V_blk_n                             |   9|          2|    1|          2|
    |Layer1_Int_6_8_V_V_blk_n                             |   9|          2|    1|          2|
    |Layer1_Int_6_9_V_V_blk_n                             |   9|          2|    1|          2|
    |Layer1_Int_7_0_V_V_blk_n                             |   9|          2|    1|          2|
    |Layer1_Int_7_1_V_V_blk_n                             |   9|          2|    1|          2|
    |Layer1_Int_7_2_V_V_blk_n                             |   9|          2|    1|          2|
    |Layer1_Int_7_3_V_V_blk_n                             |   9|          2|    1|          2|
    |Layer1_Int_7_4_V_V_blk_n                             |   9|          2|    1|          2|
    |Layer1_Int_7_5_V_V_blk_n                             |   9|          2|    1|          2|
    |Layer1_Int_7_6_V_V_blk_n                             |   9|          2|    1|          2|
    |Layer1_Int_7_7_V_V_blk_n                             |   9|          2|    1|          2|
    |Layer1_Int_7_8_V_V_blk_n                             |   9|          2|    1|          2|
    |Layer1_Int_7_9_V_V_blk_n                             |   9|          2|    1|          2|
    |Layer1_Int_8_0_V_V_blk_n                             |   9|          2|    1|          2|
    |Layer1_Int_8_1_V_V_blk_n                             |   9|          2|    1|          2|
    |Layer1_Int_8_2_V_V_blk_n                             |   9|          2|    1|          2|
    |Layer1_Int_8_3_V_V_blk_n                             |   9|          2|    1|          2|
    |Layer1_Int_8_4_V_V_blk_n                             |   9|          2|    1|          2|
    |Layer1_Int_8_5_V_V_blk_n                             |   9|          2|    1|          2|
    |Layer1_Int_8_6_V_V_blk_n                             |   9|          2|    1|          2|
    |Layer1_Int_8_7_V_V_blk_n                             |   9|          2|    1|          2|
    |Layer1_Int_8_8_V_V_blk_n                             |   9|          2|    1|          2|
    |Layer1_Int_8_9_V_V_blk_n                             |   9|          2|    1|          2|
    |Layer1_Int_9_0_V_V_blk_n                             |   9|          2|    1|          2|
    |Layer1_Int_9_1_V_V_blk_n                             |   9|          2|    1|          2|
    |Layer1_Int_9_2_V_V_blk_n                             |   9|          2|    1|          2|
    |Layer1_Int_9_3_V_V_blk_n                             |   9|          2|    1|          2|
    |Layer1_Int_9_4_V_V_blk_n                             |   9|          2|    1|          2|
    |Layer1_Int_9_5_V_V_blk_n                             |   9|          2|    1|          2|
    |Layer1_Int_9_6_V_V_blk_n                             |   9|          2|    1|          2|
    |Layer1_Int_9_7_V_V_blk_n                             |   9|          2|    1|          2|
    |Layer1_Int_9_8_V_V_blk_n                             |   9|          2|    1|          2|
    |Layer1_Int_9_9_V_V_blk_n                             |   9|          2|    1|          2|
    |ap_NS_fsm                                            |  44|          9|    1|          9|
    |ap_done                                              |   9|          2|    1|          2|
    |ap_enable_reg_pp0_iter10                             |   9|          2|    1|          2|
    |ap_enable_reg_pp0_iter3                              |   9|          2|    1|          2|
    |ap_phi_mux_i5_0_i_i_phi_fu_1755_p4                   |   9|          2|    7|         14|
    |ap_phi_reg_pp0_iter2_windows_filter_0_va_7_reg_1763  |  50|         11|   18|        198|
    |ap_phi_reg_pp0_iter2_windows_filter_1_va_7_reg_1789  |  50|         11|   18|        198|
    |ap_phi_reg_pp0_iter2_windows_filter_2_va_7_reg_1815  |  50|         11|   18|        198|
    |ap_phi_reg_pp0_iter2_windows_filter_3_va_7_reg_1841  |  50|         11|   18|        198|
    |ap_phi_reg_pp0_iter2_windows_filter_4_va_4_reg_1867  |  50|         11|   18|        198|
    |ap_phi_reg_pp0_iter2_windows_filter_5_va_7_reg_1893  |  50|         11|   18|        198|
    |ap_phi_reg_pp0_iter2_windows_filter_6_va_7_reg_1919  |  50|         11|   18|        198|
    |ap_phi_reg_pp0_iter2_windows_filter_7_va_7_reg_1945  |  50|         11|   18|        198|
    |ap_phi_reg_pp0_iter2_windows_filter_8_va_7_reg_1971  |  50|         11|   18|        198|
    |ap_phi_reg_pp0_iter2_windows_filter_9_va_7_reg_1997  |  50|         11|   18|        198|
    |i5_0_i_i_reg_1751                                    |   9|          2|    7|         14|
    |i_0_i_i1_reg_1727                                    |   9|          2|    4|          8|
    |j_0_i_i_reg_1739                                     |   9|          2|    4|          8|
    |p_0_i_i_reg_1715                                     |   9|          2|    4|          8|
    |real_start                                           |   9|          2|    1|          2|
    +-----------------------------------------------------+----+-----------+-----+-----------+
    |Total                                                |1765|        387|  501|       2809|
    +-----------------------------------------------------+----+-----------+-----+-----------+

    * Register: 
    +-----------------------------------------------------+----+----+-----+-----------+
    |                         Name                        | FF | LUT| Bits| Const Bits|
    +-----------------------------------------------------+----+----+-----+-----------+
    |Layer2_BiasArray_V_a_reg_5041                        |   4|   0|    4|          0|
    |ap_CS_fsm                                            |   8|   0|    8|          0|
    |ap_done_reg                                          |   1|   0|    1|          0|
    |ap_enable_reg_pp0_iter0                              |   1|   0|    1|          0|
    |ap_enable_reg_pp0_iter1                              |   1|   0|    1|          0|
    |ap_enable_reg_pp0_iter10                             |   1|   0|    1|          0|
    |ap_enable_reg_pp0_iter2                              |   1|   0|    1|          0|
    |ap_enable_reg_pp0_iter3                              |   1|   0|    1|          0|
    |ap_enable_reg_pp0_iter4                              |   1|   0|    1|          0|
    |ap_enable_reg_pp0_iter5                              |   1|   0|    1|          0|
    |ap_enable_reg_pp0_iter6                              |   1|   0|    1|          0|
    |ap_enable_reg_pp0_iter7                              |   1|   0|    1|          0|
    |ap_enable_reg_pp0_iter8                              |   1|   0|    1|          0|
    |ap_enable_reg_pp0_iter9                              |   1|   0|    1|          0|
    |ap_phi_reg_pp0_iter1_windows_filter_0_va_7_reg_1763  |  18|   0|   18|          0|
    |ap_phi_reg_pp0_iter1_windows_filter_1_va_7_reg_1789  |  18|   0|   18|          0|
    |ap_phi_reg_pp0_iter1_windows_filter_2_va_7_reg_1815  |  18|   0|   18|          0|
    |ap_phi_reg_pp0_iter1_windows_filter_3_va_7_reg_1841  |  18|   0|   18|          0|
    |ap_phi_reg_pp0_iter1_windows_filter_4_va_4_reg_1867  |  18|   0|   18|          0|
    |ap_phi_reg_pp0_iter1_windows_filter_5_va_7_reg_1893  |  18|   0|   18|          0|
    |ap_phi_reg_pp0_iter1_windows_filter_6_va_7_reg_1919  |  18|   0|   18|          0|
    |ap_phi_reg_pp0_iter1_windows_filter_7_va_7_reg_1945  |  18|   0|   18|          0|
    |ap_phi_reg_pp0_iter1_windows_filter_8_va_7_reg_1971  |  18|   0|   18|          0|
    |ap_phi_reg_pp0_iter1_windows_filter_9_va_7_reg_1997  |  18|   0|   18|          0|
    |ap_phi_reg_pp0_iter2_windows_filter_0_va_7_reg_1763  |  18|   0|   18|          0|
    |ap_phi_reg_pp0_iter2_windows_filter_1_va_7_reg_1789  |  18|   0|   18|          0|
    |ap_phi_reg_pp0_iter2_windows_filter_2_va_7_reg_1815  |  18|   0|   18|          0|
    |ap_phi_reg_pp0_iter2_windows_filter_3_va_7_reg_1841  |  18|   0|   18|          0|
    |ap_phi_reg_pp0_iter2_windows_filter_4_va_4_reg_1867  |  18|   0|   18|          0|
    |ap_phi_reg_pp0_iter2_windows_filter_5_va_7_reg_1893  |  18|   0|   18|          0|
    |ap_phi_reg_pp0_iter2_windows_filter_6_va_7_reg_1919  |  18|   0|   18|          0|
    |ap_phi_reg_pp0_iter2_windows_filter_7_va_7_reg_1945  |  18|   0|   18|          0|
    |ap_phi_reg_pp0_iter2_windows_filter_8_va_7_reg_1971  |  18|   0|   18|          0|
    |ap_phi_reg_pp0_iter2_windows_filter_9_va_7_reg_1997  |  18|   0|   18|          0|
    |ap_reg_pp0_iter1_i5_0_i_i_reg_1751                   |   7|   0|    7|          0|
    |exitcond34_i_i_reg_5059                              |   1|   0|    1|          0|
    |i5_0_i_i_reg_1751                                    |   7|   0|    7|          0|
    |i_0_i_i1_reg_1727                                    |   4|   0|    4|          0|
    |i_4_reg_5031                                         |   4|   0|    4|          0|
    |i_reg_5063                                           |   7|   0|    7|          0|
    |icmp_reg_5903                                        |   1|   0|    1|          0|
    |j_0_i_i_reg_1739                                     |   4|   0|    4|          0|
    |j_reg_5049                                           |   4|   0|    4|          0|
    |out_V_2_reg_6487                                     |  18|   0|   18|          0|
    |p_0_i_i_reg_1715                                     |   4|   0|    4|          0|
    |p_reg_5012                                           |   4|   0|    4|          0|
    |start_once_reg                                       |   1|   0|    1|          0|
    |sum_0_V_reg_6422                                     |  18|   0|   18|          0|
    |sum_1_V_reg_6427                                     |  18|   0|   18|          0|
    |sum_2_V_reg_6432                                     |  18|   0|   18|          0|
    |sum_3_V_reg_6437                                     |  18|   0|   18|          0|
    |sum_4_V_reg_6442                                     |  18|   0|   18|          0|
    |sum_5_V_reg_6447                                     |  18|   0|   18|          0|
    |sum_6_V_reg_6452                                     |  18|   0|   18|          0|
    |sum_7_V_reg_6457                                     |  18|   0|   18|          0|
    |sum_8_V_reg_6462                                     |  18|   0|   18|          0|
    |tmp14_reg_6482                                       |  18|   0|   18|          0|
    |tmp8_reg_6477                                        |  18|   0|   18|          0|
    |tmp_155_reg_6501                                     |   1|   0|    1|          0|
    |tmp_28_reg_5017                                      |   4|   0|   64|         60|
    |tmp_94_reg_5022                                      |   7|   0|    8|          1|
    |tmp_96_reg_5036                                      |  11|   0|   11|          0|
    |tmp_i_reg_6467                                       |  18|   0|   18|          0|
    |tmp_reg_6472                                         |  18|   0|   18|          0|
    |weight_in_0_0_V_s_fu_652                             |  18|   0|   18|          0|
    |weight_in_0_1_V_s_fu_656                             |  18|   0|   18|          0|
    |weight_in_0_2_V_s_fu_660                             |  18|   0|   18|          0|
    |weight_in_0_3_V_s_fu_664                             |  18|   0|   18|          0|
    |weight_in_0_4_V_s_fu_668                             |  18|   0|   18|          0|
    |weight_in_0_5_V_s_fu_672                             |  18|   0|   18|          0|
    |weight_in_0_6_V_s_fu_676                             |  18|   0|   18|          0|
    |weight_in_0_7_V_s_fu_680                             |  18|   0|   18|          0|
    |weight_in_0_8_V_s_fu_684                             |  18|   0|   18|          0|
    |weight_in_1_0_V_s_fu_688                             |  18|   0|   18|          0|
    |weight_in_1_1_V_s_fu_692                             |  18|   0|   18|          0|
    |weight_in_1_2_V_s_fu_696                             |  18|   0|   18|          0|
    |weight_in_1_3_V_s_fu_700                             |  18|   0|   18|          0|
    |weight_in_1_4_V_s_fu_704                             |  18|   0|   18|          0|
    |weight_in_1_5_V_s_fu_708                             |  18|   0|   18|          0|
    |weight_in_1_6_V_s_fu_712                             |  18|   0|   18|          0|
    |weight_in_1_7_V_s_fu_716                             |  18|   0|   18|          0|
    |weight_in_1_8_V_s_fu_720                             |  18|   0|   18|          0|
    |weight_in_2_0_V_s_fu_724                             |  18|   0|   18|          0|
    |weight_in_2_1_V_s_fu_728                             |  18|   0|   18|          0|
    |weight_in_2_2_V_s_fu_732                             |  18|   0|   18|          0|
    |weight_in_2_3_V_s_fu_736                             |  18|   0|   18|          0|
    |weight_in_2_4_V_s_fu_740                             |  18|   0|   18|          0|
    |weight_in_2_5_V_s_fu_744                             |  18|   0|   18|          0|
    |weight_in_2_6_V_s_fu_748                             |  18|   0|   18|          0|
    |weight_in_2_7_V_s_fu_752                             |  18|   0|   18|          0|
    |weight_in_2_8_V_s_fu_756                             |  18|   0|   18|          0|
    |weight_in_3_0_V_s_fu_760                             |  18|   0|   18|          0|
    |weight_in_3_1_V_s_fu_764                             |  18|   0|   18|          0|
    |weight_in_3_2_V_s_fu_768                             |  18|   0|   18|          0|
    |weight_in_3_3_V_s_fu_772                             |  18|   0|   18|          0|
    |weight_in_3_4_V_s_fu_776                             |  18|   0|   18|          0|
    |weight_in_3_5_V_s_fu_780                             |  18|   0|   18|          0|
    |weight_in_3_6_V_s_fu_784                             |  18|   0|   18|          0|
    |weight_in_3_7_V_s_fu_788                             |  18|   0|   18|          0|
    |weight_in_3_8_V_s_fu_792                             |  18|   0|   18|          0|
    |weight_in_4_0_V_s_fu_796                             |  18|   0|   18|          0|
    |weight_in_4_1_V_s_fu_800                             |  18|   0|   18|          0|
    |weight_in_4_2_V_s_fu_804                             |  18|   0|   18|          0|
    |weight_in_4_3_V_s_fu_808                             |  18|   0|   18|          0|
    |weight_in_4_4_V_s_fu_812                             |  18|   0|   18|          0|
    |weight_in_4_5_V_s_fu_816                             |  18|   0|   18|          0|
    |weight_in_4_6_V_s_fu_820                             |  18|   0|   18|          0|
    |weight_in_4_7_V_s_fu_824                             |  18|   0|   18|          0|
    |weight_in_4_8_V_s_fu_828                             |  18|   0|   18|          0|
    |weight_in_5_0_V_s_fu_832                             |  18|   0|   18|          0|
    |weight_in_5_1_V_s_fu_836                             |  18|   0|   18|          0|
    |weight_in_5_2_V_s_fu_840                             |  18|   0|   18|          0|
    |weight_in_5_3_V_s_fu_844                             |  18|   0|   18|          0|
    |weight_in_5_4_V_s_fu_848                             |  18|   0|   18|          0|
    |weight_in_5_5_V_s_fu_852                             |  18|   0|   18|          0|
    |weight_in_5_6_V_s_fu_856                             |  18|   0|   18|          0|
    |weight_in_5_7_V_s_fu_860                             |  18|   0|   18|          0|
    |weight_in_5_8_V_s_fu_864                             |  18|   0|   18|          0|
    |weight_in_6_0_V_s_fu_868                             |  18|   0|   18|          0|
    |weight_in_6_1_V_s_fu_872                             |  18|   0|   18|          0|
    |weight_in_6_2_V_s_fu_876                             |  18|   0|   18|          0|
    |weight_in_6_3_V_s_fu_880                             |  18|   0|   18|          0|
    |weight_in_6_4_V_s_fu_884                             |  18|   0|   18|          0|
    |weight_in_6_5_V_s_fu_888                             |  18|   0|   18|          0|
    |weight_in_6_6_V_s_fu_892                             |  18|   0|   18|          0|
    |weight_in_6_7_V_s_fu_896                             |  18|   0|   18|          0|
    |weight_in_6_8_V_s_fu_900                             |  18|   0|   18|          0|
    |weight_in_7_0_V_s_fu_904                             |  18|   0|   18|          0|
    |weight_in_7_1_V_s_fu_908                             |  18|   0|   18|          0|
    |weight_in_7_2_V_s_fu_912                             |  18|   0|   18|          0|
    |weight_in_7_3_V_s_fu_916                             |  18|   0|   18|          0|
    |weight_in_7_4_V_s_fu_920                             |  18|   0|   18|          0|
    |weight_in_7_5_V_s_fu_924                             |  18|   0|   18|          0|
    |weight_in_7_6_V_s_fu_928                             |  18|   0|   18|          0|
    |weight_in_7_7_V_s_fu_932                             |  18|   0|   18|          0|
    |weight_in_7_8_V_s_fu_936                             |  18|   0|   18|          0|
    |weight_in_8_0_V_s_fu_940                             |  18|   0|   18|          0|
    |weight_in_8_1_V_s_fu_944                             |  18|   0|   18|          0|
    |weight_in_8_2_V_s_fu_948                             |  18|   0|   18|          0|
    |weight_in_8_3_V_s_fu_952                             |  18|   0|   18|          0|
    |weight_in_8_4_V_s_fu_956                             |  18|   0|   18|          0|
    |weight_in_8_5_V_s_fu_960                             |  18|   0|   18|          0|
    |weight_in_8_6_V_s_fu_964                             |  18|   0|   18|          0|
    |weight_in_8_7_V_s_fu_968                             |  18|   0|   18|          0|
    |weight_in_8_8_V_s_fu_972                             |  18|   0|   18|          0|
    |weight_in_9_0_V_s_fu_976                             |  18|   0|   18|          0|
    |weight_in_9_1_V_s_fu_980                             |  18|   0|   18|          0|
    |weight_in_9_2_V_s_fu_984                             |  18|   0|   18|          0|
    |weight_in_9_3_V_s_fu_988                             |  18|   0|   18|          0|
    |weight_in_9_4_V_s_fu_992                             |  18|   0|   18|          0|
    |weight_in_9_5_V_s_fu_996                             |  18|   0|   18|          0|
    |weight_in_9_6_V_s_fu_1000                            |  18|   0|   18|          0|
    |weight_in_9_7_V_s_fu_1004                            |  18|   0|   18|          0|
    |weight_in_9_8_V_s_fu_1008                            |  18|   0|   18|          0|
    |windows_filter_val_V_19_fu_644                       |  18|   0|   18|          0|
    |windows_filter_val_V_20_fu_640                       |  18|   0|   18|          0|
    |windows_filter_val_V_21_fu_636                       |  18|   0|   18|          0|
    |windows_filter_val_V_22_fu_632                       |  18|   0|   18|          0|
    |windows_filter_val_V_23_fu_628                       |  18|   0|   18|          0|
    |windows_filter_val_V_24_fu_624                       |  18|   0|   18|          0|
    |windows_filter_val_V_25_fu_620                       |  18|   0|   18|          0|
    |windows_filter_val_V_26_fu_616                       |  18|   0|   18|          0|
    |windows_filter_val_V_27_fu_612                       |  18|   0|   18|          0|
    |windows_filter_val_V_28_fu_608                       |  18|   0|   18|          0|
    |windows_filter_val_V_29_fu_604                       |  18|   0|   18|          0|
    |windows_filter_val_V_30_fu_600                       |  18|   0|   18|          0|
    |windows_filter_val_V_31_fu_596                       |  18|   0|   18|          0|
    |windows_filter_val_V_32_fu_592                       |  18|   0|   18|          0|
    |windows_filter_val_V_33_fu_588                       |  18|   0|   18|          0|
    |windows_filter_val_V_34_fu_584                       |  18|   0|   18|          0|
    |windows_filter_val_V_35_fu_580                       |  18|   0|   18|          0|
    |windows_filter_val_V_36_fu_576                       |  18|   0|   18|          0|
    |windows_filter_val_V_37_fu_572                       |  18|   0|   18|          0|
    |windows_filter_val_V_38_fu_568                       |  18|   0|   18|          0|
    |windows_filter_val_V_39_fu_564                       |  18|   0|   18|          0|
    |windows_filter_val_V_40_fu_560                       |  18|   0|   18|          0|
    |windows_filter_val_V_41_fu_556                       |  18|   0|   18|          0|
    |windows_filter_val_V_42_fu_552                       |  18|   0|   18|          0|
    |windows_filter_val_V_43_fu_548                       |  18|   0|   18|          0|
    |windows_filter_val_V_44_fu_544                       |  18|   0|   18|          0|
    |windows_filter_val_V_45_fu_540                       |  18|   0|   18|          0|
    |windows_filter_val_V_46_fu_536                       |  18|   0|   18|          0|
    |windows_filter_val_V_47_fu_532                       |  18|   0|   18|          0|
    |windows_filter_val_V_48_fu_528                       |  18|   0|   18|          0|
    |windows_filter_val_V_49_fu_524                       |  18|   0|   18|          0|
    |windows_filter_val_V_50_fu_520                       |  18|   0|   18|          0|
    |windows_filter_val_V_51_fu_516                       |  18|   0|   18|          0|
    |windows_filter_val_V_52_fu_512                       |  18|   0|   18|          0|
    |windows_filter_val_V_53_fu_508                       |  18|   0|   18|          0|
    |windows_filter_val_V_54_fu_504                       |  18|   0|   18|          0|
    |windows_filter_val_V_55_fu_500                       |  18|   0|   18|          0|
    |windows_filter_val_V_56_fu_496                       |  18|   0|   18|          0|
    |windows_filter_val_V_57_fu_492                       |  18|   0|   18|          0|
    |windows_filter_val_V_58_fu_488                       |  18|   0|   18|          0|
    |windows_filter_val_V_59_fu_484                       |  18|   0|   18|          0|
    |windows_filter_val_V_60_fu_480                       |  18|   0|   18|          0|
    |windows_filter_val_V_61_fu_476                       |  18|   0|   18|          0|
    |windows_filter_val_V_62_fu_472                       |  18|   0|   18|          0|
    |windows_filter_val_V_63_fu_468                       |  18|   0|   18|          0|
    |windows_filter_val_V_64_fu_464                       |  18|   0|   18|          0|
    |windows_filter_val_V_65_fu_460                       |  18|   0|   18|          0|
    |windows_filter_val_V_66_fu_456                       |  18|   0|   18|          0|
    |windows_filter_val_V_67_fu_452                       |  18|   0|   18|          0|
    |windows_filter_val_V_68_fu_448                       |  18|   0|   18|          0|
    |windows_filter_val_V_69_fu_444                       |  18|   0|   18|          0|
    |windows_filter_val_V_70_fu_440                       |  18|   0|   18|          0|
    |windows_filter_val_V_71_fu_436                       |  18|   0|   18|          0|
    |windows_filter_val_V_72_fu_432                       |  18|   0|   18|          0|
    |windows_filter_val_V_73_fu_428                       |  18|   0|   18|          0|
    |windows_filter_val_V_74_fu_424                       |  18|   0|   18|          0|
    |windows_filter_val_V_75_fu_420                       |  18|   0|   18|          0|
    |windows_filter_val_V_76_fu_416                       |  18|   0|   18|          0|
    |windows_filter_val_V_77_fu_412                       |  18|   0|   18|          0|
    |windows_filter_val_V_78_fu_408                       |  18|   0|   18|          0|
    |windows_filter_val_V_79_fu_404                       |  18|   0|   18|          0|
    |windows_filter_val_V_80_fu_400                       |  18|   0|   18|          0|
    |windows_filter_val_V_81_fu_396                       |  18|   0|   18|          0|
    |windows_filter_val_V_82_fu_392                       |  18|   0|   18|          0|
    |windows_filter_val_V_83_fu_388                       |  18|   0|   18|          0|
    |windows_filter_val_V_84_fu_384                       |  18|   0|   18|          0|
    |windows_filter_val_V_85_fu_380                       |  18|   0|   18|          0|
    |windows_filter_val_V_86_fu_376                       |  18|   0|   18|          0|
    |windows_filter_val_V_87_fu_372                       |  18|   0|   18|          0|
    |windows_filter_val_V_88_fu_368                       |  18|   0|   18|          0|
    |windows_filter_val_V_89_fu_364                       |  18|   0|   18|          0|
    |windows_filter_val_V_90_fu_360                       |  18|   0|   18|          0|
    |windows_filter_val_V_91_fu_356                       |  18|   0|   18|          0|
    |windows_filter_val_V_92_fu_352                       |  18|   0|   18|          0|
    |windows_filter_val_V_93_fu_348                       |  18|   0|   18|          0|
    |windows_filter_val_V_94_fu_344                       |  18|   0|   18|          0|
    |windows_filter_val_V_95_fu_340                       |  18|   0|   18|          0|
    |windows_filter_val_V_96_fu_336                       |  18|   0|   18|          0|
    |windows_filter_val_V_97_fu_332                       |  18|   0|   18|          0|
    |windows_filter_val_V_fu_648                          |  18|   0|   18|          0|
    |exitcond34_i_i_reg_5059                              |  64|  32|    1|          0|
    |icmp_reg_5903                                        |  64|  32|    1|          0|
    +-----------------------------------------------------+----+----+-----+-----------+
    |Total                                                |3895|  64| 3830|         61|
    +-----------------------------------------------------+----+----+-----+-----------+



================================================================
== Interface
================================================================
* Summary: 
+------------------------------+-----+-----+------------+-----------------------+--------------+
|           RTL Ports          | Dir | Bits|  Protocol  |     Source Object     |    C Type    |
+------------------------------+-----+-----+------------+-----------------------+--------------+
|ap_clk                        |  in |    1| ap_ctrl_hs |  CNN_1D_Loop_2_proc14 | return value |
|ap_rst                        |  in |    1| ap_ctrl_hs |  CNN_1D_Loop_2_proc14 | return value |
|ap_start                      |  in |    1| ap_ctrl_hs |  CNN_1D_Loop_2_proc14 | return value |
|start_full_n                  |  in |    1| ap_ctrl_hs |  CNN_1D_Loop_2_proc14 | return value |
|ap_done                       | out |    1| ap_ctrl_hs |  CNN_1D_Loop_2_proc14 | return value |
|ap_continue                   |  in |    1| ap_ctrl_hs |  CNN_1D_Loop_2_proc14 | return value |
|ap_idle                       | out |    1| ap_ctrl_hs |  CNN_1D_Loop_2_proc14 | return value |
|ap_ready                      | out |    1| ap_ctrl_hs |  CNN_1D_Loop_2_proc14 | return value |
|start_out                     | out |    1| ap_ctrl_hs |  CNN_1D_Loop_2_proc14 | return value |
|start_write                   | out |    1| ap_ctrl_hs |  CNN_1D_Loop_2_proc14 | return value |
|Layer2_BiasArray_V_Addr_A     | out |   32|    bram    |   Layer2_BiasArray_V  |     array    |
|Layer2_BiasArray_V_EN_A       | out |    1|    bram    |   Layer2_BiasArray_V  |     array    |
|Layer2_BiasArray_V_WEN_A      | out |    4|    bram    |   Layer2_BiasArray_V  |     array    |
|Layer2_BiasArray_V_Din_A      | out |   32|    bram    |   Layer2_BiasArray_V  |     array    |
|Layer2_BiasArray_V_Dout_A     |  in |   32|    bram    |   Layer2_BiasArray_V  |     array    |
|Layer2_WeightMatrix_V_Addr_A  | out |   32|    bram    | Layer2_WeightMatrix_V |     array    |
|Layer2_WeightMatrix_V_EN_A    | out |    1|    bram    | Layer2_WeightMatrix_V |     array    |
|Layer2_WeightMatrix_V_WEN_A   | out |    4|    bram    | Layer2_WeightMatrix_V |     array    |
|Layer2_WeightMatrix_V_Din_A   | out |   32|    bram    | Layer2_WeightMatrix_V |     array    |
|Layer2_WeightMatrix_V_Dout_A  |  in |   32|    bram    | Layer2_WeightMatrix_V |     array    |
|Layer1_Int_0_9_V_V_dout       |  in |   18|   ap_fifo  |   Layer1_Int_0_9_V_V  |    pointer   |
|Layer1_Int_0_9_V_V_empty_n    |  in |    1|   ap_fifo  |   Layer1_Int_0_9_V_V  |    pointer   |
|Layer1_Int_0_9_V_V_read       | out |    1|   ap_fifo  |   Layer1_Int_0_9_V_V  |    pointer   |
|Layer1_Int_0_8_V_V_dout       |  in |   18|   ap_fifo  |   Layer1_Int_0_8_V_V  |    pointer   |
|Layer1_Int_0_8_V_V_empty_n    |  in |    1|   ap_fifo  |   Layer1_Int_0_8_V_V  |    pointer   |
|Layer1_Int_0_8_V_V_read       | out |    1|   ap_fifo  |   Layer1_Int_0_8_V_V  |    pointer   |
|Layer1_Int_0_7_V_V_dout       |  in |   18|   ap_fifo  |   Layer1_Int_0_7_V_V  |    pointer   |
|Layer1_Int_0_7_V_V_empty_n    |  in |    1|   ap_fifo  |   Layer1_Int_0_7_V_V  |    pointer   |
|Layer1_Int_0_7_V_V_read       | out |    1|   ap_fifo  |   Layer1_Int_0_7_V_V  |    pointer   |
|Layer1_Int_0_6_V_V_dout       |  in |   18|   ap_fifo  |   Layer1_Int_0_6_V_V  |    pointer   |
|Layer1_Int_0_6_V_V_empty_n    |  in |    1|   ap_fifo  |   Layer1_Int_0_6_V_V  |    pointer   |
|Layer1_Int_0_6_V_V_read       | out |    1|   ap_fifo  |   Layer1_Int_0_6_V_V  |    pointer   |
|Layer1_Int_0_5_V_V_dout       |  in |   18|   ap_fifo  |   Layer1_Int_0_5_V_V  |    pointer   |
|Layer1_Int_0_5_V_V_empty_n    |  in |    1|   ap_fifo  |   Layer1_Int_0_5_V_V  |    pointer   |
|Layer1_Int_0_5_V_V_read       | out |    1|   ap_fifo  |   Layer1_Int_0_5_V_V  |    pointer   |
|Layer1_Int_0_4_V_V_dout       |  in |   18|   ap_fifo  |   Layer1_Int_0_4_V_V  |    pointer   |
|Layer1_Int_0_4_V_V_empty_n    |  in |    1|   ap_fifo  |   Layer1_Int_0_4_V_V  |    pointer   |
|Layer1_Int_0_4_V_V_read       | out |    1|   ap_fifo  |   Layer1_Int_0_4_V_V  |    pointer   |
|Layer1_Int_0_3_V_V_dout       |  in |   18|   ap_fifo  |   Layer1_Int_0_3_V_V  |    pointer   |
|Layer1_Int_0_3_V_V_empty_n    |  in |    1|   ap_fifo  |   Layer1_Int_0_3_V_V  |    pointer   |
|Layer1_Int_0_3_V_V_read       | out |    1|   ap_fifo  |   Layer1_Int_0_3_V_V  |    pointer   |
|Layer1_Int_0_2_V_V_dout       |  in |   18|   ap_fifo  |   Layer1_Int_0_2_V_V  |    pointer   |
|Layer1_Int_0_2_V_V_empty_n    |  in |    1|   ap_fifo  |   Layer1_Int_0_2_V_V  |    pointer   |
|Layer1_Int_0_2_V_V_read       | out |    1|   ap_fifo  |   Layer1_Int_0_2_V_V  |    pointer   |
|Layer1_Int_0_1_V_V_dout       |  in |   18|   ap_fifo  |   Layer1_Int_0_1_V_V  |    pointer   |
|Layer1_Int_0_1_V_V_empty_n    |  in |    1|   ap_fifo  |   Layer1_Int_0_1_V_V  |    pointer   |
|Layer1_Int_0_1_V_V_read       | out |    1|   ap_fifo  |   Layer1_Int_0_1_V_V  |    pointer   |
|Layer1_Int_0_0_V_V_dout       |  in |   18|   ap_fifo  |   Layer1_Int_0_0_V_V  |    pointer   |
|Layer1_Int_0_0_V_V_empty_n    |  in |    1|   ap_fifo  |   Layer1_Int_0_0_V_V  |    pointer   |
|Layer1_Int_0_0_V_V_read       | out |    1|   ap_fifo  |   Layer1_Int_0_0_V_V  |    pointer   |
|Layer1_Int_1_0_V_V_dout       |  in |   18|   ap_fifo  |   Layer1_Int_1_0_V_V  |    pointer   |
|Layer1_Int_1_0_V_V_empty_n    |  in |    1|   ap_fifo  |   Layer1_Int_1_0_V_V  |    pointer   |
|Layer1_Int_1_0_V_V_read       | out |    1|   ap_fifo  |   Layer1_Int_1_0_V_V  |    pointer   |
|Layer1_Int_2_0_V_V_dout       |  in |   18|   ap_fifo  |   Layer1_Int_2_0_V_V  |    pointer   |
|Layer1_Int_2_0_V_V_empty_n    |  in |    1|   ap_fifo  |   Layer1_Int_2_0_V_V  |    pointer   |
|Layer1_Int_2_0_V_V_read       | out |    1|   ap_fifo  |   Layer1_Int_2_0_V_V  |    pointer   |
|Layer1_Int_3_0_V_V_dout       |  in |   18|   ap_fifo  |   Layer1_Int_3_0_V_V  |    pointer   |
|Layer1_Int_3_0_V_V_empty_n    |  in |    1|   ap_fifo  |   Layer1_Int_3_0_V_V  |    pointer   |
|Layer1_Int_3_0_V_V_read       | out |    1|   ap_fifo  |   Layer1_Int_3_0_V_V  |    pointer   |
|Layer1_Int_4_0_V_V_dout       |  in |   18|   ap_fifo  |   Layer1_Int_4_0_V_V  |    pointer   |
|Layer1_Int_4_0_V_V_empty_n    |  in |    1|   ap_fifo  |   Layer1_Int_4_0_V_V  |    pointer   |
|Layer1_Int_4_0_V_V_read       | out |    1|   ap_fifo  |   Layer1_Int_4_0_V_V  |    pointer   |
|Layer1_Int_5_0_V_V_dout       |  in |   18|   ap_fifo  |   Layer1_Int_5_0_V_V  |    pointer   |
|Layer1_Int_5_0_V_V_empty_n    |  in |    1|   ap_fifo  |   Layer1_Int_5_0_V_V  |    pointer   |
|Layer1_Int_5_0_V_V_read       | out |    1|   ap_fifo  |   Layer1_Int_5_0_V_V  |    pointer   |
|Layer1_Int_6_0_V_V_dout       |  in |   18|   ap_fifo  |   Layer1_Int_6_0_V_V  |    pointer   |
|Layer1_Int_6_0_V_V_empty_n    |  in |    1|   ap_fifo  |   Layer1_Int_6_0_V_V  |    pointer   |
|Layer1_Int_6_0_V_V_read       | out |    1|   ap_fifo  |   Layer1_Int_6_0_V_V  |    pointer   |
|Layer1_Int_7_0_V_V_dout       |  in |   18|   ap_fifo  |   Layer1_Int_7_0_V_V  |    pointer   |
|Layer1_Int_7_0_V_V_empty_n    |  in |    1|   ap_fifo  |   Layer1_Int_7_0_V_V  |    pointer   |
|Layer1_Int_7_0_V_V_read       | out |    1|   ap_fifo  |   Layer1_Int_7_0_V_V  |    pointer   |
|Layer1_Int_8_0_V_V_dout       |  in |   18|   ap_fifo  |   Layer1_Int_8_0_V_V  |    pointer   |
|Layer1_Int_8_0_V_V_empty_n    |  in |    1|   ap_fifo  |   Layer1_Int_8_0_V_V  |    pointer   |
|Layer1_Int_8_0_V_V_read       | out |    1|   ap_fifo  |   Layer1_Int_8_0_V_V  |    pointer   |
|Layer1_Int_9_0_V_V_dout       |  in |   18|   ap_fifo  |   Layer1_Int_9_0_V_V  |    pointer   |
|Layer1_Int_9_0_V_V_empty_n    |  in |    1|   ap_fifo  |   Layer1_Int_9_0_V_V  |    pointer   |
|Layer1_Int_9_0_V_V_read       | out |    1|   ap_fifo  |   Layer1_Int_9_0_V_V  |    pointer   |
|Layer1_Int_1_1_V_V_dout       |  in |   18|   ap_fifo  |   Layer1_Int_1_1_V_V  |    pointer   |
|Layer1_Int_1_1_V_V_empty_n    |  in |    1|   ap_fifo  |   Layer1_Int_1_1_V_V  |    pointer   |
|Layer1_Int_1_1_V_V_read       | out |    1|   ap_fifo  |   Layer1_Int_1_1_V_V  |    pointer   |
|Layer1_Int_2_1_V_V_dout       |  in |   18|   ap_fifo  |   Layer1_Int_2_1_V_V  |    pointer   |
|Layer1_Int_2_1_V_V_empty_n    |  in |    1|   ap_fifo  |   Layer1_Int_2_1_V_V  |    pointer   |
|Layer1_Int_2_1_V_V_read       | out |    1|   ap_fifo  |   Layer1_Int_2_1_V_V  |    pointer   |
|Layer1_Int_3_1_V_V_dout       |  in |   18|   ap_fifo  |   Layer1_Int_3_1_V_V  |    pointer   |
|Layer1_Int_3_1_V_V_empty_n    |  in |    1|   ap_fifo  |   Layer1_Int_3_1_V_V  |    pointer   |
|Layer1_Int_3_1_V_V_read       | out |    1|   ap_fifo  |   Layer1_Int_3_1_V_V  |    pointer   |
|Layer1_Int_4_1_V_V_dout       |  in |   18|   ap_fifo  |   Layer1_Int_4_1_V_V  |    pointer   |
|Layer1_Int_4_1_V_V_empty_n    |  in |    1|   ap_fifo  |   Layer1_Int_4_1_V_V  |    pointer   |
|Layer1_Int_4_1_V_V_read       | out |    1|   ap_fifo  |   Layer1_Int_4_1_V_V  |    pointer   |
|Layer1_Int_5_1_V_V_dout       |  in |   18|   ap_fifo  |   Layer1_Int_5_1_V_V  |    pointer   |
|Layer1_Int_5_1_V_V_empty_n    |  in |    1|   ap_fifo  |   Layer1_Int_5_1_V_V  |    pointer   |
|Layer1_Int_5_1_V_V_read       | out |    1|   ap_fifo  |   Layer1_Int_5_1_V_V  |    pointer   |
|Layer1_Int_6_1_V_V_dout       |  in |   18|   ap_fifo  |   Layer1_Int_6_1_V_V  |    pointer   |
|Layer1_Int_6_1_V_V_empty_n    |  in |    1|   ap_fifo  |   Layer1_Int_6_1_V_V  |    pointer   |
|Layer1_Int_6_1_V_V_read       | out |    1|   ap_fifo  |   Layer1_Int_6_1_V_V  |    pointer   |
|Layer1_Int_7_1_V_V_dout       |  in |   18|   ap_fifo  |   Layer1_Int_7_1_V_V  |    pointer   |
|Layer1_Int_7_1_V_V_empty_n    |  in |    1|   ap_fifo  |   Layer1_Int_7_1_V_V  |    pointer   |
|Layer1_Int_7_1_V_V_read       | out |    1|   ap_fifo  |   Layer1_Int_7_1_V_V  |    pointer   |
|Layer1_Int_8_1_V_V_dout       |  in |   18|   ap_fifo  |   Layer1_Int_8_1_V_V  |    pointer   |
|Layer1_Int_8_1_V_V_empty_n    |  in |    1|   ap_fifo  |   Layer1_Int_8_1_V_V  |    pointer   |
|Layer1_Int_8_1_V_V_read       | out |    1|   ap_fifo  |   Layer1_Int_8_1_V_V  |    pointer   |
|Layer1_Int_9_1_V_V_dout       |  in |   18|   ap_fifo  |   Layer1_Int_9_1_V_V  |    pointer   |
|Layer1_Int_9_1_V_V_empty_n    |  in |    1|   ap_fifo  |   Layer1_Int_9_1_V_V  |    pointer   |
|Layer1_Int_9_1_V_V_read       | out |    1|   ap_fifo  |   Layer1_Int_9_1_V_V  |    pointer   |
|Layer1_Int_1_2_V_V_dout       |  in |   18|   ap_fifo  |   Layer1_Int_1_2_V_V  |    pointer   |
|Layer1_Int_1_2_V_V_empty_n    |  in |    1|   ap_fifo  |   Layer1_Int_1_2_V_V  |    pointer   |
|Layer1_Int_1_2_V_V_read       | out |    1|   ap_fifo  |   Layer1_Int_1_2_V_V  |    pointer   |
|Layer1_Int_2_2_V_V_dout       |  in |   18|   ap_fifo  |   Layer1_Int_2_2_V_V  |    pointer   |
|Layer1_Int_2_2_V_V_empty_n    |  in |    1|   ap_fifo  |   Layer1_Int_2_2_V_V  |    pointer   |
|Layer1_Int_2_2_V_V_read       | out |    1|   ap_fifo  |   Layer1_Int_2_2_V_V  |    pointer   |
|Layer1_Int_3_2_V_V_dout       |  in |   18|   ap_fifo  |   Layer1_Int_3_2_V_V  |    pointer   |
|Layer1_Int_3_2_V_V_empty_n    |  in |    1|   ap_fifo  |   Layer1_Int_3_2_V_V  |    pointer   |
|Layer1_Int_3_2_V_V_read       | out |    1|   ap_fifo  |   Layer1_Int_3_2_V_V  |    pointer   |
|Layer1_Int_4_2_V_V_dout       |  in |   18|   ap_fifo  |   Layer1_Int_4_2_V_V  |    pointer   |
|Layer1_Int_4_2_V_V_empty_n    |  in |    1|   ap_fifo  |   Layer1_Int_4_2_V_V  |    pointer   |
|Layer1_Int_4_2_V_V_read       | out |    1|   ap_fifo  |   Layer1_Int_4_2_V_V  |    pointer   |
|Layer1_Int_5_2_V_V_dout       |  in |   18|   ap_fifo  |   Layer1_Int_5_2_V_V  |    pointer   |
|Layer1_Int_5_2_V_V_empty_n    |  in |    1|   ap_fifo  |   Layer1_Int_5_2_V_V  |    pointer   |
|Layer1_Int_5_2_V_V_read       | out |    1|   ap_fifo  |   Layer1_Int_5_2_V_V  |    pointer   |
|Layer1_Int_6_2_V_V_dout       |  in |   18|   ap_fifo  |   Layer1_Int_6_2_V_V  |    pointer   |
|Layer1_Int_6_2_V_V_empty_n    |  in |    1|   ap_fifo  |   Layer1_Int_6_2_V_V  |    pointer   |
|Layer1_Int_6_2_V_V_read       | out |    1|   ap_fifo  |   Layer1_Int_6_2_V_V  |    pointer   |
|Layer1_Int_7_2_V_V_dout       |  in |   18|   ap_fifo  |   Layer1_Int_7_2_V_V  |    pointer   |
|Layer1_Int_7_2_V_V_empty_n    |  in |    1|   ap_fifo  |   Layer1_Int_7_2_V_V  |    pointer   |
|Layer1_Int_7_2_V_V_read       | out |    1|   ap_fifo  |   Layer1_Int_7_2_V_V  |    pointer   |
|Layer1_Int_8_2_V_V_dout       |  in |   18|   ap_fifo  |   Layer1_Int_8_2_V_V  |    pointer   |
|Layer1_Int_8_2_V_V_empty_n    |  in |    1|   ap_fifo  |   Layer1_Int_8_2_V_V  |    pointer   |
|Layer1_Int_8_2_V_V_read       | out |    1|   ap_fifo  |   Layer1_Int_8_2_V_V  |    pointer   |
|Layer1_Int_9_2_V_V_dout       |  in |   18|   ap_fifo  |   Layer1_Int_9_2_V_V  |    pointer   |
|Layer1_Int_9_2_V_V_empty_n    |  in |    1|   ap_fifo  |   Layer1_Int_9_2_V_V  |    pointer   |
|Layer1_Int_9_2_V_V_read       | out |    1|   ap_fifo  |   Layer1_Int_9_2_V_V  |    pointer   |
|Layer1_Int_1_3_V_V_dout       |  in |   18|   ap_fifo  |   Layer1_Int_1_3_V_V  |    pointer   |
|Layer1_Int_1_3_V_V_empty_n    |  in |    1|   ap_fifo  |   Layer1_Int_1_3_V_V  |    pointer   |
|Layer1_Int_1_3_V_V_read       | out |    1|   ap_fifo  |   Layer1_Int_1_3_V_V  |    pointer   |
|Layer1_Int_2_3_V_V_dout       |  in |   18|   ap_fifo  |   Layer1_Int_2_3_V_V  |    pointer   |
|Layer1_Int_2_3_V_V_empty_n    |  in |    1|   ap_fifo  |   Layer1_Int_2_3_V_V  |    pointer   |
|Layer1_Int_2_3_V_V_read       | out |    1|   ap_fifo  |   Layer1_Int_2_3_V_V  |    pointer   |
|Layer1_Int_3_3_V_V_dout       |  in |   18|   ap_fifo  |   Layer1_Int_3_3_V_V  |    pointer   |
|Layer1_Int_3_3_V_V_empty_n    |  in |    1|   ap_fifo  |   Layer1_Int_3_3_V_V  |    pointer   |
|Layer1_Int_3_3_V_V_read       | out |    1|   ap_fifo  |   Layer1_Int_3_3_V_V  |    pointer   |
|Layer1_Int_4_3_V_V_dout       |  in |   18|   ap_fifo  |   Layer1_Int_4_3_V_V  |    pointer   |
|Layer1_Int_4_3_V_V_empty_n    |  in |    1|   ap_fifo  |   Layer1_Int_4_3_V_V  |    pointer   |
|Layer1_Int_4_3_V_V_read       | out |    1|   ap_fifo  |   Layer1_Int_4_3_V_V  |    pointer   |
|Layer1_Int_5_3_V_V_dout       |  in |   18|   ap_fifo  |   Layer1_Int_5_3_V_V  |    pointer   |
|Layer1_Int_5_3_V_V_empty_n    |  in |    1|   ap_fifo  |   Layer1_Int_5_3_V_V  |    pointer   |
|Layer1_Int_5_3_V_V_read       | out |    1|   ap_fifo  |   Layer1_Int_5_3_V_V  |    pointer   |
|Layer1_Int_6_3_V_V_dout       |  in |   18|   ap_fifo  |   Layer1_Int_6_3_V_V  |    pointer   |
|Layer1_Int_6_3_V_V_empty_n    |  in |    1|   ap_fifo  |   Layer1_Int_6_3_V_V  |    pointer   |
|Layer1_Int_6_3_V_V_read       | out |    1|   ap_fifo  |   Layer1_Int_6_3_V_V  |    pointer   |
|Layer1_Int_7_3_V_V_dout       |  in |   18|   ap_fifo  |   Layer1_Int_7_3_V_V  |    pointer   |
|Layer1_Int_7_3_V_V_empty_n    |  in |    1|   ap_fifo  |   Layer1_Int_7_3_V_V  |    pointer   |
|Layer1_Int_7_3_V_V_read       | out |    1|   ap_fifo  |   Layer1_Int_7_3_V_V  |    pointer   |
|Layer1_Int_8_3_V_V_dout       |  in |   18|   ap_fifo  |   Layer1_Int_8_3_V_V  |    pointer   |
|Layer1_Int_8_3_V_V_empty_n    |  in |    1|   ap_fifo  |   Layer1_Int_8_3_V_V  |    pointer   |
|Layer1_Int_8_3_V_V_read       | out |    1|   ap_fifo  |   Layer1_Int_8_3_V_V  |    pointer   |
|Layer1_Int_9_3_V_V_dout       |  in |   18|   ap_fifo  |   Layer1_Int_9_3_V_V  |    pointer   |
|Layer1_Int_9_3_V_V_empty_n    |  in |    1|   ap_fifo  |   Layer1_Int_9_3_V_V  |    pointer   |
|Layer1_Int_9_3_V_V_read       | out |    1|   ap_fifo  |   Layer1_Int_9_3_V_V  |    pointer   |
|Layer1_Int_1_4_V_V_dout       |  in |   18|   ap_fifo  |   Layer1_Int_1_4_V_V  |    pointer   |
|Layer1_Int_1_4_V_V_empty_n    |  in |    1|   ap_fifo  |   Layer1_Int_1_4_V_V  |    pointer   |
|Layer1_Int_1_4_V_V_read       | out |    1|   ap_fifo  |   Layer1_Int_1_4_V_V  |    pointer   |
|Layer1_Int_2_4_V_V_dout       |  in |   18|   ap_fifo  |   Layer1_Int_2_4_V_V  |    pointer   |
|Layer1_Int_2_4_V_V_empty_n    |  in |    1|   ap_fifo  |   Layer1_Int_2_4_V_V  |    pointer   |
|Layer1_Int_2_4_V_V_read       | out |    1|   ap_fifo  |   Layer1_Int_2_4_V_V  |    pointer   |
|Layer1_Int_3_4_V_V_dout       |  in |   18|   ap_fifo  |   Layer1_Int_3_4_V_V  |    pointer   |
|Layer1_Int_3_4_V_V_empty_n    |  in |    1|   ap_fifo  |   Layer1_Int_3_4_V_V  |    pointer   |
|Layer1_Int_3_4_V_V_read       | out |    1|   ap_fifo  |   Layer1_Int_3_4_V_V  |    pointer   |
|Layer1_Int_4_4_V_V_dout       |  in |   18|   ap_fifo  |   Layer1_Int_4_4_V_V  |    pointer   |
|Layer1_Int_4_4_V_V_empty_n    |  in |    1|   ap_fifo  |   Layer1_Int_4_4_V_V  |    pointer   |
|Layer1_Int_4_4_V_V_read       | out |    1|   ap_fifo  |   Layer1_Int_4_4_V_V  |    pointer   |
|Layer1_Int_5_4_V_V_dout       |  in |   18|   ap_fifo  |   Layer1_Int_5_4_V_V  |    pointer   |
|Layer1_Int_5_4_V_V_empty_n    |  in |    1|   ap_fifo  |   Layer1_Int_5_4_V_V  |    pointer   |
|Layer1_Int_5_4_V_V_read       | out |    1|   ap_fifo  |   Layer1_Int_5_4_V_V  |    pointer   |
|Layer1_Int_6_4_V_V_dout       |  in |   18|   ap_fifo  |   Layer1_Int_6_4_V_V  |    pointer   |
|Layer1_Int_6_4_V_V_empty_n    |  in |    1|   ap_fifo  |   Layer1_Int_6_4_V_V  |    pointer   |
|Layer1_Int_6_4_V_V_read       | out |    1|   ap_fifo  |   Layer1_Int_6_4_V_V  |    pointer   |
|Layer1_Int_7_4_V_V_dout       |  in |   18|   ap_fifo  |   Layer1_Int_7_4_V_V  |    pointer   |
|Layer1_Int_7_4_V_V_empty_n    |  in |    1|   ap_fifo  |   Layer1_Int_7_4_V_V  |    pointer   |
|Layer1_Int_7_4_V_V_read       | out |    1|   ap_fifo  |   Layer1_Int_7_4_V_V  |    pointer   |
|Layer1_Int_8_4_V_V_dout       |  in |   18|   ap_fifo  |   Layer1_Int_8_4_V_V  |    pointer   |
|Layer1_Int_8_4_V_V_empty_n    |  in |    1|   ap_fifo  |   Layer1_Int_8_4_V_V  |    pointer   |
|Layer1_Int_8_4_V_V_read       | out |    1|   ap_fifo  |   Layer1_Int_8_4_V_V  |    pointer   |
|Layer1_Int_9_4_V_V_dout       |  in |   18|   ap_fifo  |   Layer1_Int_9_4_V_V  |    pointer   |
|Layer1_Int_9_4_V_V_empty_n    |  in |    1|   ap_fifo  |   Layer1_Int_9_4_V_V  |    pointer   |
|Layer1_Int_9_4_V_V_read       | out |    1|   ap_fifo  |   Layer1_Int_9_4_V_V  |    pointer   |
|Layer1_Int_1_5_V_V_dout       |  in |   18|   ap_fifo  |   Layer1_Int_1_5_V_V  |    pointer   |
|Layer1_Int_1_5_V_V_empty_n    |  in |    1|   ap_fifo  |   Layer1_Int_1_5_V_V  |    pointer   |
|Layer1_Int_1_5_V_V_read       | out |    1|   ap_fifo  |   Layer1_Int_1_5_V_V  |    pointer   |
|Layer1_Int_2_5_V_V_dout       |  in |   18|   ap_fifo  |   Layer1_Int_2_5_V_V  |    pointer   |
|Layer1_Int_2_5_V_V_empty_n    |  in |    1|   ap_fifo  |   Layer1_Int_2_5_V_V  |    pointer   |
|Layer1_Int_2_5_V_V_read       | out |    1|   ap_fifo  |   Layer1_Int_2_5_V_V  |    pointer   |
|Layer1_Int_3_5_V_V_dout       |  in |   18|   ap_fifo  |   Layer1_Int_3_5_V_V  |    pointer   |
|Layer1_Int_3_5_V_V_empty_n    |  in |    1|   ap_fifo  |   Layer1_Int_3_5_V_V  |    pointer   |
|Layer1_Int_3_5_V_V_read       | out |    1|   ap_fifo  |   Layer1_Int_3_5_V_V  |    pointer   |
|Layer1_Int_4_5_V_V_dout       |  in |   18|   ap_fifo  |   Layer1_Int_4_5_V_V  |    pointer   |
|Layer1_Int_4_5_V_V_empty_n    |  in |    1|   ap_fifo  |   Layer1_Int_4_5_V_V  |    pointer   |
|Layer1_Int_4_5_V_V_read       | out |    1|   ap_fifo  |   Layer1_Int_4_5_V_V  |    pointer   |
|Layer1_Int_5_5_V_V_dout       |  in |   18|   ap_fifo  |   Layer1_Int_5_5_V_V  |    pointer   |
|Layer1_Int_5_5_V_V_empty_n    |  in |    1|   ap_fifo  |   Layer1_Int_5_5_V_V  |    pointer   |
|Layer1_Int_5_5_V_V_read       | out |    1|   ap_fifo  |   Layer1_Int_5_5_V_V  |    pointer   |
|Layer1_Int_6_5_V_V_dout       |  in |   18|   ap_fifo  |   Layer1_Int_6_5_V_V  |    pointer   |
|Layer1_Int_6_5_V_V_empty_n    |  in |    1|   ap_fifo  |   Layer1_Int_6_5_V_V  |    pointer   |
|Layer1_Int_6_5_V_V_read       | out |    1|   ap_fifo  |   Layer1_Int_6_5_V_V  |    pointer   |
|Layer1_Int_7_5_V_V_dout       |  in |   18|   ap_fifo  |   Layer1_Int_7_5_V_V  |    pointer   |
|Layer1_Int_7_5_V_V_empty_n    |  in |    1|   ap_fifo  |   Layer1_Int_7_5_V_V  |    pointer   |
|Layer1_Int_7_5_V_V_read       | out |    1|   ap_fifo  |   Layer1_Int_7_5_V_V  |    pointer   |
|Layer1_Int_8_5_V_V_dout       |  in |   18|   ap_fifo  |   Layer1_Int_8_5_V_V  |    pointer   |
|Layer1_Int_8_5_V_V_empty_n    |  in |    1|   ap_fifo  |   Layer1_Int_8_5_V_V  |    pointer   |
|Layer1_Int_8_5_V_V_read       | out |    1|   ap_fifo  |   Layer1_Int_8_5_V_V  |    pointer   |
|Layer1_Int_9_5_V_V_dout       |  in |   18|   ap_fifo  |   Layer1_Int_9_5_V_V  |    pointer   |
|Layer1_Int_9_5_V_V_empty_n    |  in |    1|   ap_fifo  |   Layer1_Int_9_5_V_V  |    pointer   |
|Layer1_Int_9_5_V_V_read       | out |    1|   ap_fifo  |   Layer1_Int_9_5_V_V  |    pointer   |
|Layer1_Int_1_6_V_V_dout       |  in |   18|   ap_fifo  |   Layer1_Int_1_6_V_V  |    pointer   |
|Layer1_Int_1_6_V_V_empty_n    |  in |    1|   ap_fifo  |   Layer1_Int_1_6_V_V  |    pointer   |
|Layer1_Int_1_6_V_V_read       | out |    1|   ap_fifo  |   Layer1_Int_1_6_V_V  |    pointer   |
|Layer1_Int_2_6_V_V_dout       |  in |   18|   ap_fifo  |   Layer1_Int_2_6_V_V  |    pointer   |
|Layer1_Int_2_6_V_V_empty_n    |  in |    1|   ap_fifo  |   Layer1_Int_2_6_V_V  |    pointer   |
|Layer1_Int_2_6_V_V_read       | out |    1|   ap_fifo  |   Layer1_Int_2_6_V_V  |    pointer   |
|Layer1_Int_3_6_V_V_dout       |  in |   18|   ap_fifo  |   Layer1_Int_3_6_V_V  |    pointer   |
|Layer1_Int_3_6_V_V_empty_n    |  in |    1|   ap_fifo  |   Layer1_Int_3_6_V_V  |    pointer   |
|Layer1_Int_3_6_V_V_read       | out |    1|   ap_fifo  |   Layer1_Int_3_6_V_V  |    pointer   |
|Layer1_Int_4_6_V_V_dout       |  in |   18|   ap_fifo  |   Layer1_Int_4_6_V_V  |    pointer   |
|Layer1_Int_4_6_V_V_empty_n    |  in |    1|   ap_fifo  |   Layer1_Int_4_6_V_V  |    pointer   |
|Layer1_Int_4_6_V_V_read       | out |    1|   ap_fifo  |   Layer1_Int_4_6_V_V  |    pointer   |
|Layer1_Int_5_6_V_V_dout       |  in |   18|   ap_fifo  |   Layer1_Int_5_6_V_V  |    pointer   |
|Layer1_Int_5_6_V_V_empty_n    |  in |    1|   ap_fifo  |   Layer1_Int_5_6_V_V  |    pointer   |
|Layer1_Int_5_6_V_V_read       | out |    1|   ap_fifo  |   Layer1_Int_5_6_V_V  |    pointer   |
|Layer1_Int_6_6_V_V_dout       |  in |   18|   ap_fifo  |   Layer1_Int_6_6_V_V  |    pointer   |
|Layer1_Int_6_6_V_V_empty_n    |  in |    1|   ap_fifo  |   Layer1_Int_6_6_V_V  |    pointer   |
|Layer1_Int_6_6_V_V_read       | out |    1|   ap_fifo  |   Layer1_Int_6_6_V_V  |    pointer   |
|Layer1_Int_7_6_V_V_dout       |  in |   18|   ap_fifo  |   Layer1_Int_7_6_V_V  |    pointer   |
|Layer1_Int_7_6_V_V_empty_n    |  in |    1|   ap_fifo  |   Layer1_Int_7_6_V_V  |    pointer   |
|Layer1_Int_7_6_V_V_read       | out |    1|   ap_fifo  |   Layer1_Int_7_6_V_V  |    pointer   |
|Layer1_Int_8_6_V_V_dout       |  in |   18|   ap_fifo  |   Layer1_Int_8_6_V_V  |    pointer   |
|Layer1_Int_8_6_V_V_empty_n    |  in |    1|   ap_fifo  |   Layer1_Int_8_6_V_V  |    pointer   |
|Layer1_Int_8_6_V_V_read       | out |    1|   ap_fifo  |   Layer1_Int_8_6_V_V  |    pointer   |
|Layer1_Int_9_6_V_V_dout       |  in |   18|   ap_fifo  |   Layer1_Int_9_6_V_V  |    pointer   |
|Layer1_Int_9_6_V_V_empty_n    |  in |    1|   ap_fifo  |   Layer1_Int_9_6_V_V  |    pointer   |
|Layer1_Int_9_6_V_V_read       | out |    1|   ap_fifo  |   Layer1_Int_9_6_V_V  |    pointer   |
|Layer1_Int_1_7_V_V_dout       |  in |   18|   ap_fifo  |   Layer1_Int_1_7_V_V  |    pointer   |
|Layer1_Int_1_7_V_V_empty_n    |  in |    1|   ap_fifo  |   Layer1_Int_1_7_V_V  |    pointer   |
|Layer1_Int_1_7_V_V_read       | out |    1|   ap_fifo  |   Layer1_Int_1_7_V_V  |    pointer   |
|Layer1_Int_2_7_V_V_dout       |  in |   18|   ap_fifo  |   Layer1_Int_2_7_V_V  |    pointer   |
|Layer1_Int_2_7_V_V_empty_n    |  in |    1|   ap_fifo  |   Layer1_Int_2_7_V_V  |    pointer   |
|Layer1_Int_2_7_V_V_read       | out |    1|   ap_fifo  |   Layer1_Int_2_7_V_V  |    pointer   |
|Layer1_Int_3_7_V_V_dout       |  in |   18|   ap_fifo  |   Layer1_Int_3_7_V_V  |    pointer   |
|Layer1_Int_3_7_V_V_empty_n    |  in |    1|   ap_fifo  |   Layer1_Int_3_7_V_V  |    pointer   |
|Layer1_Int_3_7_V_V_read       | out |    1|   ap_fifo  |   Layer1_Int_3_7_V_V  |    pointer   |
|Layer1_Int_4_7_V_V_dout       |  in |   18|   ap_fifo  |   Layer1_Int_4_7_V_V  |    pointer   |
|Layer1_Int_4_7_V_V_empty_n    |  in |    1|   ap_fifo  |   Layer1_Int_4_7_V_V  |    pointer   |
|Layer1_Int_4_7_V_V_read       | out |    1|   ap_fifo  |   Layer1_Int_4_7_V_V  |    pointer   |
|Layer1_Int_5_7_V_V_dout       |  in |   18|   ap_fifo  |   Layer1_Int_5_7_V_V  |    pointer   |
|Layer1_Int_5_7_V_V_empty_n    |  in |    1|   ap_fifo  |   Layer1_Int_5_7_V_V  |    pointer   |
|Layer1_Int_5_7_V_V_read       | out |    1|   ap_fifo  |   Layer1_Int_5_7_V_V  |    pointer   |
|Layer1_Int_6_7_V_V_dout       |  in |   18|   ap_fifo  |   Layer1_Int_6_7_V_V  |    pointer   |
|Layer1_Int_6_7_V_V_empty_n    |  in |    1|   ap_fifo  |   Layer1_Int_6_7_V_V  |    pointer   |
|Layer1_Int_6_7_V_V_read       | out |    1|   ap_fifo  |   Layer1_Int_6_7_V_V  |    pointer   |
|Layer1_Int_7_7_V_V_dout       |  in |   18|   ap_fifo  |   Layer1_Int_7_7_V_V  |    pointer   |
|Layer1_Int_7_7_V_V_empty_n    |  in |    1|   ap_fifo  |   Layer1_Int_7_7_V_V  |    pointer   |
|Layer1_Int_7_7_V_V_read       | out |    1|   ap_fifo  |   Layer1_Int_7_7_V_V  |    pointer   |
|Layer1_Int_8_7_V_V_dout       |  in |   18|   ap_fifo  |   Layer1_Int_8_7_V_V  |    pointer   |
|Layer1_Int_8_7_V_V_empty_n    |  in |    1|   ap_fifo  |   Layer1_Int_8_7_V_V  |    pointer   |
|Layer1_Int_8_7_V_V_read       | out |    1|   ap_fifo  |   Layer1_Int_8_7_V_V  |    pointer   |
|Layer1_Int_9_7_V_V_dout       |  in |   18|   ap_fifo  |   Layer1_Int_9_7_V_V  |    pointer   |
|Layer1_Int_9_7_V_V_empty_n    |  in |    1|   ap_fifo  |   Layer1_Int_9_7_V_V  |    pointer   |
|Layer1_Int_9_7_V_V_read       | out |    1|   ap_fifo  |   Layer1_Int_9_7_V_V  |    pointer   |
|Layer1_Int_1_8_V_V_dout       |  in |   18|   ap_fifo  |   Layer1_Int_1_8_V_V  |    pointer   |
|Layer1_Int_1_8_V_V_empty_n    |  in |    1|   ap_fifo  |   Layer1_Int_1_8_V_V  |    pointer   |
|Layer1_Int_1_8_V_V_read       | out |    1|   ap_fifo  |   Layer1_Int_1_8_V_V  |    pointer   |
|Layer1_Int_2_8_V_V_dout       |  in |   18|   ap_fifo  |   Layer1_Int_2_8_V_V  |    pointer   |
|Layer1_Int_2_8_V_V_empty_n    |  in |    1|   ap_fifo  |   Layer1_Int_2_8_V_V  |    pointer   |
|Layer1_Int_2_8_V_V_read       | out |    1|   ap_fifo  |   Layer1_Int_2_8_V_V  |    pointer   |
|Layer1_Int_3_8_V_V_dout       |  in |   18|   ap_fifo  |   Layer1_Int_3_8_V_V  |    pointer   |
|Layer1_Int_3_8_V_V_empty_n    |  in |    1|   ap_fifo  |   Layer1_Int_3_8_V_V  |    pointer   |
|Layer1_Int_3_8_V_V_read       | out |    1|   ap_fifo  |   Layer1_Int_3_8_V_V  |    pointer   |
|Layer1_Int_4_8_V_V_dout       |  in |   18|   ap_fifo  |   Layer1_Int_4_8_V_V  |    pointer   |
|Layer1_Int_4_8_V_V_empty_n    |  in |    1|   ap_fifo  |   Layer1_Int_4_8_V_V  |    pointer   |
|Layer1_Int_4_8_V_V_read       | out |    1|   ap_fifo  |   Layer1_Int_4_8_V_V  |    pointer   |
|Layer1_Int_5_8_V_V_dout       |  in |   18|   ap_fifo  |   Layer1_Int_5_8_V_V  |    pointer   |
|Layer1_Int_5_8_V_V_empty_n    |  in |    1|   ap_fifo  |   Layer1_Int_5_8_V_V  |    pointer   |
|Layer1_Int_5_8_V_V_read       | out |    1|   ap_fifo  |   Layer1_Int_5_8_V_V  |    pointer   |
|Layer1_Int_6_8_V_V_dout       |  in |   18|   ap_fifo  |   Layer1_Int_6_8_V_V  |    pointer   |
|Layer1_Int_6_8_V_V_empty_n    |  in |    1|   ap_fifo  |   Layer1_Int_6_8_V_V  |    pointer   |
|Layer1_Int_6_8_V_V_read       | out |    1|   ap_fifo  |   Layer1_Int_6_8_V_V  |    pointer   |
|Layer1_Int_7_8_V_V_dout       |  in |   18|   ap_fifo  |   Layer1_Int_7_8_V_V  |    pointer   |
|Layer1_Int_7_8_V_V_empty_n    |  in |    1|   ap_fifo  |   Layer1_Int_7_8_V_V  |    pointer   |
|Layer1_Int_7_8_V_V_read       | out |    1|   ap_fifo  |   Layer1_Int_7_8_V_V  |    pointer   |
|Layer1_Int_8_8_V_V_dout       |  in |   18|   ap_fifo  |   Layer1_Int_8_8_V_V  |    pointer   |
|Layer1_Int_8_8_V_V_empty_n    |  in |    1|   ap_fifo  |   Layer1_Int_8_8_V_V  |    pointer   |
|Layer1_Int_8_8_V_V_read       | out |    1|   ap_fifo  |   Layer1_Int_8_8_V_V  |    pointer   |
|Layer1_Int_9_8_V_V_dout       |  in |   18|   ap_fifo  |   Layer1_Int_9_8_V_V  |    pointer   |
|Layer1_Int_9_8_V_V_empty_n    |  in |    1|   ap_fifo  |   Layer1_Int_9_8_V_V  |    pointer   |
|Layer1_Int_9_8_V_V_read       | out |    1|   ap_fifo  |   Layer1_Int_9_8_V_V  |    pointer   |
|Layer1_Int_1_9_V_V_dout       |  in |   18|   ap_fifo  |   Layer1_Int_1_9_V_V  |    pointer   |
|Layer1_Int_1_9_V_V_empty_n    |  in |    1|   ap_fifo  |   Layer1_Int_1_9_V_V  |    pointer   |
|Layer1_Int_1_9_V_V_read       | out |    1|   ap_fifo  |   Layer1_Int_1_9_V_V  |    pointer   |
|Layer1_Int_2_9_V_V_dout       |  in |   18|   ap_fifo  |   Layer1_Int_2_9_V_V  |    pointer   |
|Layer1_Int_2_9_V_V_empty_n    |  in |    1|   ap_fifo  |   Layer1_Int_2_9_V_V  |    pointer   |
|Layer1_Int_2_9_V_V_read       | out |    1|   ap_fifo  |   Layer1_Int_2_9_V_V  |    pointer   |
|Layer1_Int_3_9_V_V_dout       |  in |   18|   ap_fifo  |   Layer1_Int_3_9_V_V  |    pointer   |
|Layer1_Int_3_9_V_V_empty_n    |  in |    1|   ap_fifo  |   Layer1_Int_3_9_V_V  |    pointer   |
|Layer1_Int_3_9_V_V_read       | out |    1|   ap_fifo  |   Layer1_Int_3_9_V_V  |    pointer   |
|Layer1_Int_4_9_V_V_dout       |  in |   18|   ap_fifo  |   Layer1_Int_4_9_V_V  |    pointer   |
|Layer1_Int_4_9_V_V_empty_n    |  in |    1|   ap_fifo  |   Layer1_Int_4_9_V_V  |    pointer   |
|Layer1_Int_4_9_V_V_read       | out |    1|   ap_fifo  |   Layer1_Int_4_9_V_V  |    pointer   |
|Layer1_Int_5_9_V_V_dout       |  in |   18|   ap_fifo  |   Layer1_Int_5_9_V_V  |    pointer   |
|Layer1_Int_5_9_V_V_empty_n    |  in |    1|   ap_fifo  |   Layer1_Int_5_9_V_V  |    pointer   |
|Layer1_Int_5_9_V_V_read       | out |    1|   ap_fifo  |   Layer1_Int_5_9_V_V  |    pointer   |
|Layer1_Int_6_9_V_V_dout       |  in |   18|   ap_fifo  |   Layer1_Int_6_9_V_V  |    pointer   |
|Layer1_Int_6_9_V_V_empty_n    |  in |    1|   ap_fifo  |   Layer1_Int_6_9_V_V  |    pointer   |
|Layer1_Int_6_9_V_V_read       | out |    1|   ap_fifo  |   Layer1_Int_6_9_V_V  |    pointer   |
|Layer1_Int_7_9_V_V_dout       |  in |   18|   ap_fifo  |   Layer1_Int_7_9_V_V  |    pointer   |
|Layer1_Int_7_9_V_V_empty_n    |  in |    1|   ap_fifo  |   Layer1_Int_7_9_V_V  |    pointer   |
|Layer1_Int_7_9_V_V_read       | out |    1|   ap_fifo  |   Layer1_Int_7_9_V_V  |    pointer   |
|Layer1_Int_8_9_V_V_dout       |  in |   18|   ap_fifo  |   Layer1_Int_8_9_V_V  |    pointer   |
|Layer1_Int_8_9_V_V_empty_n    |  in |    1|   ap_fifo  |   Layer1_Int_8_9_V_V  |    pointer   |
|Layer1_Int_8_9_V_V_read       | out |    1|   ap_fifo  |   Layer1_Int_8_9_V_V  |    pointer   |
|Layer1_Int_9_9_V_V_dout       |  in |   18|   ap_fifo  |   Layer1_Int_9_9_V_V  |    pointer   |
|Layer1_Int_9_9_V_V_empty_n    |  in |    1|   ap_fifo  |   Layer1_Int_9_9_V_V  |    pointer   |
|Layer1_Int_9_9_V_V_read       | out |    1|   ap_fifo  |   Layer1_Int_9_9_V_V  |    pointer   |
|Conv2_Inter_0_V_V_din         | out |   18|   ap_fifo  |   Conv2_Inter_0_V_V   |    pointer   |
|Conv2_Inter_0_V_V_full_n      |  in |    1|   ap_fifo  |   Conv2_Inter_0_V_V   |    pointer   |
|Conv2_Inter_0_V_V_write       | out |    1|   ap_fifo  |   Conv2_Inter_0_V_V   |    pointer   |
|Conv2_Inter_1_V_V_din         | out |   18|   ap_fifo  |   Conv2_Inter_1_V_V   |    pointer   |
|Conv2_Inter_1_V_V_full_n      |  in |    1|   ap_fifo  |   Conv2_Inter_1_V_V   |    pointer   |
|Conv2_Inter_1_V_V_write       | out |    1|   ap_fifo  |   Conv2_Inter_1_V_V   |    pointer   |
|Conv2_Inter_2_V_V_din         | out |   18|   ap_fifo  |   Conv2_Inter_2_V_V   |    pointer   |
|Conv2_Inter_2_V_V_full_n      |  in |    1|   ap_fifo  |   Conv2_Inter_2_V_V   |    pointer   |
|Conv2_Inter_2_V_V_write       | out |    1|   ap_fifo  |   Conv2_Inter_2_V_V   |    pointer   |
|Conv2_Inter_3_V_V_din         | out |   18|   ap_fifo  |   Conv2_Inter_3_V_V   |    pointer   |
|Conv2_Inter_3_V_V_full_n      |  in |    1|   ap_fifo  |   Conv2_Inter_3_V_V   |    pointer   |
|Conv2_Inter_3_V_V_write       | out |    1|   ap_fifo  |   Conv2_Inter_3_V_V   |    pointer   |
|Conv2_Inter_4_V_V_din         | out |   18|   ap_fifo  |   Conv2_Inter_4_V_V   |    pointer   |
|Conv2_Inter_4_V_V_full_n      |  in |    1|   ap_fifo  |   Conv2_Inter_4_V_V   |    pointer   |
|Conv2_Inter_4_V_V_write       | out |    1|   ap_fifo  |   Conv2_Inter_4_V_V   |    pointer   |
|Conv2_Inter_5_V_V_din         | out |   18|   ap_fifo  |   Conv2_Inter_5_V_V   |    pointer   |
|Conv2_Inter_5_V_V_full_n      |  in |    1|   ap_fifo  |   Conv2_Inter_5_V_V   |    pointer   |
|Conv2_Inter_5_V_V_write       | out |    1|   ap_fifo  |   Conv2_Inter_5_V_V   |    pointer   |
|Conv2_Inter_6_V_V_din         | out |   18|   ap_fifo  |   Conv2_Inter_6_V_V   |    pointer   |
|Conv2_Inter_6_V_V_full_n      |  in |    1|   ap_fifo  |   Conv2_Inter_6_V_V   |    pointer   |
|Conv2_Inter_6_V_V_write       | out |    1|   ap_fifo  |   Conv2_Inter_6_V_V   |    pointer   |
|Conv2_Inter_7_V_V_din         | out |   18|   ap_fifo  |   Conv2_Inter_7_V_V   |    pointer   |
|Conv2_Inter_7_V_V_full_n      |  in |    1|   ap_fifo  |   Conv2_Inter_7_V_V   |    pointer   |
|Conv2_Inter_7_V_V_write       | out |    1|   ap_fifo  |   Conv2_Inter_7_V_V   |    pointer   |
|Conv2_Inter_8_V_V_din         | out |   18|   ap_fifo  |   Conv2_Inter_8_V_V   |    pointer   |
|Conv2_Inter_8_V_V_full_n      |  in |    1|   ap_fifo  |   Conv2_Inter_8_V_V   |    pointer   |
|Conv2_Inter_8_V_V_write       | out |    1|   ap_fifo  |   Conv2_Inter_8_V_V   |    pointer   |
|Conv2_Inter_9_V_V_din         | out |   18|   ap_fifo  |   Conv2_Inter_9_V_V   |    pointer   |
|Conv2_Inter_9_V_V_full_n      |  in |    1|   ap_fifo  |   Conv2_Inter_9_V_V   |    pointer   |
|Conv2_Inter_9_V_V_write       | out |    1|   ap_fifo  |   Conv2_Inter_9_V_V   |    pointer   |
+------------------------------+-----+-----+------------+-----------------------+--------------+

