

================================================================
== Vivado HLS Report for 'Layer12_Maxpool_read'
================================================================
* Date:           Sun Jul  1 02:49:24 2018

* Version:        2017.4 (Build 2086221 on Fri Dec 15 21:13:33 MST 2017)
* Project:        Conv12
* Solution:       A_Otra
* Product family: zynq
* Target device:  xc7z020clg484-1


================================================================
== Performance Estimates
================================================================
+ Timing (ns): 
    * Summary: 
    +--------+-------+----------+------------+
    |  Clock | Target| Estimated| Uncertainty|
    +--------+-------+----------+------------+
    |ap_clk  |  10.00|      7.42|        1.25|
    +--------+-------+----------+------------+

+ Latency (clock cycles): 
    * Summary: 
    +------+------+------+------+---------+
    |   Latency   |   Interval  | Pipeline|
    |  min |  max |  min |  max |   Type  |
    +------+------+------+------+---------+
    |  2034|  2034|  2034|  2034|   none  |
    +------+------+------+------+---------+

    + Detail: 
        * Instance: 
        N/A

        * Loop: 
        +-----------------------+------+------+----------+-----------+-----------+------+----------+
        |                       |   Latency   | Iteration|  Initiation Interval  | Trip |          |
        |       Loop Name       |  min |  max |  Latency |  achieved |   target  | Count| Pipelined|
        +-----------------------+------+------+----------+-----------+-----------+------+----------+
        |- Loop_Padding_Before  |     4|     4|         1|          -|          -|     4|    no    |
        |- Loop_Padding_Before  |     4|     4|         1|          -|          -|     4|    no    |
        |- Loop_Padding_Before  |     4|     4|         1|          -|          -|     4|    no    |
        |- Loop_Padding_Before  |     4|     4|         1|          -|          -|     4|    no    |
        |- Loop_Padding_Before  |     4|     4|         1|          -|          -|     4|    no    |
        |- Loop_Padding_Before  |     4|     4|         1|          -|          -|     4|    no    |
        |- Loop_Padding_Before  |     4|     4|         1|          -|          -|     4|    no    |
        |- Loop_Padding_Before  |     4|     4|         1|          -|          -|     4|    no    |
        |- Loop_Padding_Before  |     4|     4|         1|          -|          -|     4|    no    |
        |- Loop_Padding_Before  |     4|     4|         1|          -|          -|     4|    no    |
        |- L_Loop_Padding_Read  |  1921|  1921|         4|          2|          1|   960|    yes   |
        |- Loop 12              |    60|    60|         6|          -|          -|    10|    no    |
        | + Loop_Padding_After  |     4|     4|         1|          -|          -|     4|    no    |
        +-----------------------+------+------+----------+-----------+-----------+------+----------+



================================================================
== Utilization Estimates
================================================================
* Summary: 
+-----------------+---------+-------+--------+-------+
|       Name      | BRAM_18K| DSP48E|   FF   |  LUT  |
+-----------------+---------+-------+--------+-------+
|DSP              |        -|      -|       -|      -|
|Expression       |        -|      -|       0|    769|
|FIFO             |        -|      -|       -|      -|
|Instance         |        -|      -|       -|      -|
|Memory           |        -|      -|       -|      -|
|Multiplexer      |        -|      -|       -|   2900|
|Register         |        -|      -|     179|      -|
+-----------------+---------+-------+--------+-------+
|Total            |        0|      0|     179|   3669|
+-----------------+---------+-------+--------+-------+
|Available        |      280|    220|  106400|  53200|
+-----------------+---------+-------+--------+-------+
|Utilization (%)  |        0|      0|   ~0   |      6|
+-----------------+---------+-------+--------+-------+

+ Detail: 
    * Instance: 
    N/A

    * DSP48: 
    N/A

    * Memory: 
    N/A

    * FIFO: 
    N/A

    * Expression: 
    +-----------------------------------+----------+-------+---+----+------------+------------+
    |           Variable Name           | Operation| DSP48E| FF| LUT| Bitwidth P0| Bitwidth P1|
    +-----------------------------------+----------+-------+---+----+------------+------------+
    |col_5_1_fu_1451_p2                 |     +    |      0|  0|  12|           3|           1|
    |col_5_2_fu_1463_p2                 |     +    |      0|  0|  12|           3|           1|
    |col_5_3_fu_1475_p2                 |     +    |      0|  0|  12|           3|           1|
    |col_5_4_fu_1487_p2                 |     +    |      0|  0|  12|           3|           1|
    |col_5_5_fu_1499_p2                 |     +    |      0|  0|  12|           3|           1|
    |col_5_6_fu_1511_p2                 |     +    |      0|  0|  12|           3|           1|
    |col_5_7_fu_1523_p2                 |     +    |      0|  0|  12|           3|           1|
    |col_5_8_fu_1535_p2                 |     +    |      0|  0|  12|           3|           1|
    |col_5_9_fu_1547_p2                 |     +    |      0|  0|  12|           3|           1|
    |col_5_fu_1439_p2                   |     +    |      0|  0|  12|           3|           1|
    |col_6_fu_1796_p2                   |     +    |      0|  0|  12|           3|           1|
    |col_7_fu_1593_p2                   |     +    |      0|  0|  15|           7|           1|
    |i_2_fu_1565_p2                     |     +    |      0|  0|  13|           4|           1|
    |i_fu_1784_p2                       |     +    |      0|  0|  13|           4|           1|
    |indvar_flatten_next_fu_1559_p2     |     +    |      0|  0|  17|          10|           1|
    |tmp_56_fu_1633_p2                  |     +    |      0|  0|  19|          12|          12|
    |tmp_57_fu_1654_p2                  |     +    |      0|  0|  19|          12|          12|
    |tmp_55_fu_1616_p2                  |     -    |      0|  0|  19|          12|          12|
    |ap_block_pp0_stage0_11001          |    and   |      0|  0|   8|           1|           1|
    |ap_condition_1581                  |    and   |      0|  0|   8|           1|           1|
    |ap_condition_595                   |    and   |      0|  0|   8|           1|           1|
    |ap_predicate_op353_read_state13    |    and   |      0|  0|   8|           1|           1|
    |ap_predicate_op355_read_state13    |    and   |      0|  0|   8|           1|           1|
    |ap_predicate_op357_read_state13    |    and   |      0|  0|   8|           1|           1|
    |ap_predicate_op359_read_state13    |    and   |      0|  0|   8|           1|           1|
    |ap_predicate_op361_read_state13    |    and   |      0|  0|   8|           1|           1|
    |ap_predicate_op363_read_state13    |    and   |      0|  0|   8|           1|           1|
    |ap_predicate_op365_read_state13    |    and   |      0|  0|   8|           1|           1|
    |ap_predicate_op367_read_state13    |    and   |      0|  0|   8|           1|           1|
    |ap_predicate_op369_read_state13    |    and   |      0|  0|   8|           1|           1|
    |ap_predicate_op531_write_state15   |    and   |      0|  0|   8|           1|           1|
    |ap_predicate_op637_write_state18   |    and   |      0|  0|   8|           1|           1|
    |ap_predicate_op639_write_state18   |    and   |      0|  0|   8|           1|           1|
    |ap_predicate_op641_write_state18   |    and   |      0|  0|   8|           1|           1|
    |ap_predicate_op643_write_state18   |    and   |      0|  0|   8|           1|           1|
    |ap_predicate_op645_write_state18   |    and   |      0|  0|   8|           1|           1|
    |ap_predicate_op647_write_state18   |    and   |      0|  0|   8|           1|           1|
    |ap_predicate_op649_write_state18   |    and   |      0|  0|   8|           1|           1|
    |ap_predicate_op651_write_state18   |    and   |      0|  0|   8|           1|           1|
    |ap_predicate_op653_write_state18   |    and   |      0|  0|   8|           1|           1|
    |ap_predicate_op655_write_state18   |    and   |      0|  0|   8|           1|           1|
    |exitcond1_fu_1571_p2               |   icmp   |      0|  0|  11|           7|           7|
    |exitcond7_1_fu_1445_p2             |   icmp   |      0|  0|   9|           3|           4|
    |exitcond7_2_fu_1457_p2             |   icmp   |      0|  0|   9|           3|           4|
    |exitcond7_3_fu_1469_p2             |   icmp   |      0|  0|   9|           3|           4|
    |exitcond7_4_fu_1481_p2             |   icmp   |      0|  0|   9|           3|           4|
    |exitcond7_5_fu_1493_p2             |   icmp   |      0|  0|   9|           3|           4|
    |exitcond7_6_fu_1505_p2             |   icmp   |      0|  0|   9|           3|           4|
    |exitcond7_7_fu_1517_p2             |   icmp   |      0|  0|   9|           3|           4|
    |exitcond7_8_fu_1529_p2             |   icmp   |      0|  0|   9|           3|           4|
    |exitcond7_9_fu_1541_p2             |   icmp   |      0|  0|   9|           3|           4|
    |exitcond7_fu_1433_p2               |   icmp   |      0|  0|   9|           3|           4|
    |exitcond8_fu_1778_p2               |   icmp   |      0|  0|   9|           4|           4|
    |exitcond_flatten_fu_1553_p2        |   icmp   |      0|  0|  13|          10|           8|
    |exitcond_fu_1790_p2                |   icmp   |      0|  0|   9|           3|           4|
    |tmp_23_fu_1664_p2                  |   icmp   |      0|  0|  18|          18|          18|
    |ap_block_pp0_stage1_01001          |    or    |      0|  0|   8|           1|           1|
    |ap_block_state1                    |    or    |      0|  0|   8|           1|           1|
    |ap_block_state10                   |    or    |      0|  0|   8|           1|           1|
    |ap_block_state11                   |    or    |      0|  0|   8|           1|           1|
    |ap_block_state13_pp0_stage1_iter0  |    or    |      0|  0|   8|           1|           1|
    |ap_block_state14_pp0_stage0_iter1  |    or    |      0|  0|   8|           1|           1|
    |ap_block_state15_pp0_stage1_iter1  |    or    |      0|  0|   8|           1|           1|
    |ap_block_state18                   |    or    |      0|  0|   8|           1|           1|
    |ap_block_state2                    |    or    |      0|  0|   8|           1|           1|
    |ap_block_state3                    |    or    |      0|  0|   8|           1|           1|
    |ap_block_state4                    |    or    |      0|  0|   8|           1|           1|
    |ap_block_state5                    |    or    |      0|  0|   8|           1|           1|
    |ap_block_state6                    |    or    |      0|  0|   8|           1|           1|
    |ap_block_state7                    |    or    |      0|  0|   8|           1|           1|
    |ap_block_state8                    |    or    |      0|  0|   8|           1|           1|
    |ap_block_state9                    |    or    |      0|  0|   8|           1|           1|
    |tmp_21_fu_1644_p2                  |    or    |      0|  0|  15|           8|           1|
    |col2_mid2_fu_1577_p3               |  select  |      0|  0|   7|           1|           1|
    |tmp_V_9_fu_1670_p3                 |  select  |      0|  0|  18|           1|          18|
    |tmp_mid2_v_fu_1585_p3              |  select  |      0|  0|   4|           1|           4|
    |ap_enable_pp0                      |    xor   |      0|  0|   8|           1|           2|
    |ap_enable_reg_pp0_iter1            |    xor   |      0|  0|   8|           2|           1|
    +-----------------------------------+----------+-------+---+----+------------+------------+
    |Total                              |          |      0|  0| 769|         219|         198|
    +-----------------------------------+----------+-------+---+----+------------+------------+

    * Multiplexer: 
    +------------------------------------------+----+-----------+-----+-----------+
    |                   Name                   | LUT| Input Size| Bits| Total Bits|
    +------------------------------------------+----+-----------+-----+-----------+
    |ap_NS_fsm                                 |  85|         17|    1|         17|
    |ap_done                                   |   9|          2|    1|          2|
    |ap_enable_reg_pp0_iter1                   |  15|          3|    1|          3|
    |ap_phi_mux_col2_phi_fu_1350_p4            |   9|          2|    7|         14|
    |ap_phi_mux_i1_phi_fu_1339_p4              |   9|          2|    4|          8|
    |ap_phi_mux_indvar_flatten_phi_fu_1328_p4  |   9|          2|   10|         20|
    |ap_phi_reg_pp0_iter1_tmp_V_5_reg_1357     |  50|         11|   18|        198|
    |ap_phi_reg_pp0_iter1_tmp_V_7_reg_1384     |  50|         11|   18|        198|
    |col2_reg_1346                             |   9|          2|    7|         14|
    |col5_reg_1422                             |   9|          2|    3|          6|
    |col_10_reg_1280                           |   9|          2|    3|          6|
    |col_11_reg_1291                           |   9|          2|    3|          6|
    |col_1_reg_1225                            |   9|          2|    3|          6|
    |col_2_reg_1236                            |   9|          2|    3|          6|
    |col_3_reg_1247                            |   9|          2|    3|          6|
    |col_4_reg_1258                            |   9|          2|    3|          6|
    |col_8_reg_1302                            |   9|          2|    3|          6|
    |col_9_reg_1313                            |   9|          2|    3|          6|
    |col_reg_1214                              |   9|          2|    3|          6|
    |col_s_reg_1269                            |   9|          2|    3|          6|
    |dst_0_0_V_V_blk_n                         |   9|          2|    1|          2|
    |dst_0_0_V_V_din                           |  15|          3|   18|         54|
    |dst_0_1_V_V_blk_n                         |   9|          2|    1|          2|
    |dst_0_1_V_V_din                           |  15|          3|   18|         54|
    |dst_0_2_V_V_blk_n                         |   9|          2|    1|          2|
    |dst_0_2_V_V_din                           |  15|          3|   18|         54|
    |dst_0_3_V_V_blk_n                         |   9|          2|    1|          2|
    |dst_0_3_V_V_din                           |  15|          3|   18|         54|
    |dst_0_4_V_V_blk_n                         |   9|          2|    1|          2|
    |dst_0_4_V_V_din                           |  15|          3|   18|         54|
    |dst_0_5_V_V_blk_n                         |   9|          2|    1|          2|
    |dst_0_5_V_V_din                           |  15|          3|   18|         54|
    |dst_0_6_V_V_blk_n                         |   9|          2|    1|          2|
    |dst_0_6_V_V_din                           |  15|          3|   18|         54|
    |dst_0_7_V_V_blk_n                         |   9|          2|    1|          2|
    |dst_0_7_V_V_din                           |  15|          3|   18|         54|
    |dst_0_8_V_V_blk_n                         |   9|          2|    1|          2|
    |dst_0_8_V_V_din                           |  15|          3|   18|         54|
    |dst_0_9_V_V_blk_n                         |   9|          2|    1|          2|
    |dst_0_9_V_V_din                           |  15|          3|   18|         54|
    |dst_1_0_V_V_blk_n                         |   9|          2|    1|          2|
    |dst_1_0_V_V_din                           |  15|          3|   18|         54|
    |dst_1_1_V_V_blk_n                         |   9|          2|    1|          2|
    |dst_1_1_V_V_din                           |  15|          3|   18|         54|
    |dst_1_2_V_V_blk_n                         |   9|          2|    1|          2|
    |dst_1_2_V_V_din                           |  15|          3|   18|         54|
    |dst_1_3_V_V_blk_n                         |   9|          2|    1|          2|
    |dst_1_3_V_V_din                           |  15|          3|   18|         54|
    |dst_1_4_V_V_blk_n                         |   9|          2|    1|          2|
    |dst_1_4_V_V_din                           |  15|          3|   18|         54|
    |dst_1_5_V_V_blk_n                         |   9|          2|    1|          2|
    |dst_1_5_V_V_din                           |  15|          3|   18|         54|
    |dst_1_6_V_V_blk_n                         |   9|          2|    1|          2|
    |dst_1_6_V_V_din                           |  15|          3|   18|         54|
    |dst_1_7_V_V_blk_n                         |   9|          2|    1|          2|
    |dst_1_7_V_V_din                           |  15|          3|   18|         54|
    |dst_1_8_V_V_blk_n                         |   9|          2|    1|          2|
    |dst_1_8_V_V_din                           |  15|          3|   18|         54|
    |dst_1_9_V_V_blk_n                         |   9|          2|    1|          2|
    |dst_1_9_V_V_din                           |  15|          3|   18|         54|
    |dst_2_0_V_V_blk_n                         |   9|          2|    1|          2|
    |dst_2_0_V_V_din                           |  15|          3|   18|         54|
    |dst_2_1_V_V_blk_n                         |   9|          2|    1|          2|
    |dst_2_1_V_V_din                           |  15|          3|   18|         54|
    |dst_2_2_V_V_blk_n                         |   9|          2|    1|          2|
    |dst_2_2_V_V_din                           |  15|          3|   18|         54|
    |dst_2_3_V_V_blk_n                         |   9|          2|    1|          2|
    |dst_2_3_V_V_din                           |  15|          3|   18|         54|
    |dst_2_4_V_V_blk_n                         |   9|          2|    1|          2|
    |dst_2_4_V_V_din                           |  15|          3|   18|         54|
    |dst_2_5_V_V_blk_n                         |   9|          2|    1|          2|
    |dst_2_5_V_V_din                           |  15|          3|   18|         54|
    |dst_2_6_V_V_blk_n                         |   9|          2|    1|          2|
    |dst_2_6_V_V_din                           |  15|          3|   18|         54|
    |dst_2_7_V_V_blk_n                         |   9|          2|    1|          2|
    |dst_2_7_V_V_din                           |  15|          3|   18|         54|
    |dst_2_8_V_V_blk_n                         |   9|          2|    1|          2|
    |dst_2_8_V_V_din                           |  15|          3|   18|         54|
    |dst_2_9_V_V_blk_n                         |   9|          2|    1|          2|
    |dst_2_9_V_V_din                           |  15|          3|   18|         54|
    |dst_3_0_V_V_blk_n                         |   9|          2|    1|          2|
    |dst_3_0_V_V_din                           |  15|          3|   18|         54|
    |dst_3_1_V_V_blk_n                         |   9|          2|    1|          2|
    |dst_3_1_V_V_din                           |  15|          3|   18|         54|
    |dst_3_2_V_V_blk_n                         |   9|          2|    1|          2|
    |dst_3_2_V_V_din                           |  15|          3|   18|         54|
    |dst_3_3_V_V_blk_n                         |   9|          2|    1|          2|
    |dst_3_3_V_V_din                           |  15|          3|   18|         54|
    |dst_3_4_V_V_blk_n                         |   9|          2|    1|          2|
    |dst_3_4_V_V_din                           |  15|          3|   18|         54|
    |dst_3_5_V_V_blk_n                         |   9|          2|    1|          2|
    |dst_3_5_V_V_din                           |  15|          3|   18|         54|
    |dst_3_6_V_V_blk_n                         |   9|          2|    1|          2|
    |dst_3_6_V_V_din                           |  15|          3|   18|         54|
    |dst_3_7_V_V_blk_n                         |   9|          2|    1|          2|
    |dst_3_7_V_V_din                           |  15|          3|   18|         54|
    |dst_3_8_V_V_blk_n                         |   9|          2|    1|          2|
    |dst_3_8_V_V_din                           |  15|          3|   18|         54|
    |dst_3_9_V_V_blk_n                         |   9|          2|    1|          2|
    |dst_3_9_V_V_din                           |  15|          3|   18|         54|
    |dst_4_0_V_V_blk_n                         |   9|          2|    1|          2|
    |dst_4_0_V_V_din                           |  15|          3|   18|         54|
    |dst_4_1_V_V_blk_n                         |   9|          2|    1|          2|
    |dst_4_1_V_V_din                           |  15|          3|   18|         54|
    |dst_4_2_V_V_blk_n                         |   9|          2|    1|          2|
    |dst_4_2_V_V_din                           |  15|          3|   18|         54|
    |dst_4_3_V_V_blk_n                         |   9|          2|    1|          2|
    |dst_4_3_V_V_din                           |  15|          3|   18|         54|
    |dst_4_4_V_V_blk_n                         |   9|          2|    1|          2|
    |dst_4_4_V_V_din                           |  15|          3|   18|         54|
    |dst_4_5_V_V_blk_n                         |   9|          2|    1|          2|
    |dst_4_5_V_V_din                           |  15|          3|   18|         54|
    |dst_4_6_V_V_blk_n                         |   9|          2|    1|          2|
    |dst_4_6_V_V_din                           |  15|          3|   18|         54|
    |dst_4_7_V_V_blk_n                         |   9|          2|    1|          2|
    |dst_4_7_V_V_din                           |  15|          3|   18|         54|
    |dst_4_8_V_V_blk_n                         |   9|          2|    1|          2|
    |dst_4_8_V_V_din                           |  15|          3|   18|         54|
    |dst_4_9_V_V_blk_n                         |   9|          2|    1|          2|
    |dst_4_9_V_V_din                           |  15|          3|   18|         54|
    |dst_5_0_V_V_blk_n                         |   9|          2|    1|          2|
    |dst_5_0_V_V_din                           |  15|          3|   18|         54|
    |dst_5_1_V_V_blk_n                         |   9|          2|    1|          2|
    |dst_5_1_V_V_din                           |  15|          3|   18|         54|
    |dst_5_2_V_V_blk_n                         |   9|          2|    1|          2|
    |dst_5_2_V_V_din                           |  15|          3|   18|         54|
    |dst_5_3_V_V_blk_n                         |   9|          2|    1|          2|
    |dst_5_3_V_V_din                           |  15|          3|   18|         54|
    |dst_5_4_V_V_blk_n                         |   9|          2|    1|          2|
    |dst_5_4_V_V_din                           |  15|          3|   18|         54|
    |dst_5_5_V_V_blk_n                         |   9|          2|    1|          2|
    |dst_5_5_V_V_din                           |  15|          3|   18|         54|
    |dst_5_6_V_V_blk_n                         |   9|          2|    1|          2|
    |dst_5_6_V_V_din                           |  15|          3|   18|         54|
    |dst_5_7_V_V_blk_n                         |   9|          2|    1|          2|
    |dst_5_7_V_V_din                           |  15|          3|   18|         54|
    |dst_5_8_V_V_blk_n                         |   9|          2|    1|          2|
    |dst_5_8_V_V_din                           |  15|          3|   18|         54|
    |dst_5_9_V_V_blk_n                         |   9|          2|    1|          2|
    |dst_5_9_V_V_din                           |  15|          3|   18|         54|
    |dst_6_0_V_V_blk_n                         |   9|          2|    1|          2|
    |dst_6_0_V_V_din                           |  15|          3|   18|         54|
    |dst_6_1_V_V_blk_n                         |   9|          2|    1|          2|
    |dst_6_1_V_V_din                           |  15|          3|   18|         54|
    |dst_6_2_V_V_blk_n                         |   9|          2|    1|          2|
    |dst_6_2_V_V_din                           |  15|          3|   18|         54|
    |dst_6_3_V_V_blk_n                         |   9|          2|    1|          2|
    |dst_6_3_V_V_din                           |  15|          3|   18|         54|
    |dst_6_4_V_V_blk_n                         |   9|          2|    1|          2|
    |dst_6_4_V_V_din                           |  15|          3|   18|         54|
    |dst_6_5_V_V_blk_n                         |   9|          2|    1|          2|
    |dst_6_5_V_V_din                           |  15|          3|   18|         54|
    |dst_6_6_V_V_blk_n                         |   9|          2|    1|          2|
    |dst_6_6_V_V_din                           |  15|          3|   18|         54|
    |dst_6_7_V_V_blk_n                         |   9|          2|    1|          2|
    |dst_6_7_V_V_din                           |  15|          3|   18|         54|
    |dst_6_8_V_V_blk_n                         |   9|          2|    1|          2|
    |dst_6_8_V_V_din                           |  15|          3|   18|         54|
    |dst_6_9_V_V_blk_n                         |   9|          2|    1|          2|
    |dst_6_9_V_V_din                           |  15|          3|   18|         54|
    |dst_7_0_V_V_blk_n                         |   9|          2|    1|          2|
    |dst_7_0_V_V_din                           |  15|          3|   18|         54|
    |dst_7_1_V_V_blk_n                         |   9|          2|    1|          2|
    |dst_7_1_V_V_din                           |  15|          3|   18|         54|
    |dst_7_2_V_V_blk_n                         |   9|          2|    1|          2|
    |dst_7_2_V_V_din                           |  15|          3|   18|         54|
    |dst_7_3_V_V_blk_n                         |   9|          2|    1|          2|
    |dst_7_3_V_V_din                           |  15|          3|   18|         54|
    |dst_7_4_V_V_blk_n                         |   9|          2|    1|          2|
    |dst_7_4_V_V_din                           |  15|          3|   18|         54|
    |dst_7_5_V_V_blk_n                         |   9|          2|    1|          2|
    |dst_7_5_V_V_din                           |  15|          3|   18|         54|
    |dst_7_6_V_V_blk_n                         |   9|          2|    1|          2|
    |dst_7_6_V_V_din                           |  15|          3|   18|         54|
    |dst_7_7_V_V_blk_n                         |   9|          2|    1|          2|
    |dst_7_7_V_V_din                           |  15|          3|   18|         54|
    |dst_7_8_V_V_blk_n                         |   9|          2|    1|          2|
    |dst_7_8_V_V_din                           |  15|          3|   18|         54|
    |dst_7_9_V_V_blk_n                         |   9|          2|    1|          2|
    |dst_7_9_V_V_din                           |  15|          3|   18|         54|
    |dst_8_0_V_V_blk_n                         |   9|          2|    1|          2|
    |dst_8_0_V_V_din                           |  15|          3|   18|         54|
    |dst_8_1_V_V_blk_n                         |   9|          2|    1|          2|
    |dst_8_1_V_V_din                           |  15|          3|   18|         54|
    |dst_8_2_V_V_blk_n                         |   9|          2|    1|          2|
    |dst_8_2_V_V_din                           |  15|          3|   18|         54|
    |dst_8_3_V_V_blk_n                         |   9|          2|    1|          2|
    |dst_8_3_V_V_din                           |  15|          3|   18|         54|
    |dst_8_4_V_V_blk_n                         |   9|          2|    1|          2|
    |dst_8_4_V_V_din                           |  15|          3|   18|         54|
    |dst_8_5_V_V_blk_n                         |   9|          2|    1|          2|
    |dst_8_5_V_V_din                           |  15|          3|   18|         54|
    |dst_8_6_V_V_blk_n                         |   9|          2|    1|          2|
    |dst_8_6_V_V_din                           |  15|          3|   18|         54|
    |dst_8_7_V_V_blk_n                         |   9|          2|    1|          2|
    |dst_8_7_V_V_din                           |  15|          3|   18|         54|
    |dst_8_8_V_V_blk_n                         |   9|          2|    1|          2|
    |dst_8_8_V_V_din                           |  15|          3|   18|         54|
    |dst_8_9_V_V_blk_n                         |   9|          2|    1|          2|
    |dst_8_9_V_V_din                           |  15|          3|   18|         54|
    |dst_9_0_V_V_blk_n                         |   9|          2|    1|          2|
    |dst_9_0_V_V_din                           |  15|          3|   18|         54|
    |dst_9_1_V_V_blk_n                         |   9|          2|    1|          2|
    |dst_9_1_V_V_din                           |  15|          3|   18|         54|
    |dst_9_2_V_V_blk_n                         |   9|          2|    1|          2|
    |dst_9_2_V_V_din                           |  15|          3|   18|         54|
    |dst_9_3_V_V_blk_n                         |   9|          2|    1|          2|
    |dst_9_3_V_V_din                           |  15|          3|   18|         54|
    |dst_9_4_V_V_blk_n                         |   9|          2|    1|          2|
    |dst_9_4_V_V_din                           |  15|          3|   18|         54|
    |dst_9_5_V_V_blk_n                         |   9|          2|    1|          2|
    |dst_9_5_V_V_din                           |  15|          3|   18|         54|
    |dst_9_6_V_V_blk_n                         |   9|          2|    1|          2|
    |dst_9_6_V_V_din                           |  15|          3|   18|         54|
    |dst_9_7_V_V_blk_n                         |   9|          2|    1|          2|
    |dst_9_7_V_V_din                           |  15|          3|   18|         54|
    |dst_9_8_V_V_blk_n                         |   9|          2|    1|          2|
    |dst_9_8_V_V_din                           |  15|          3|   18|         54|
    |dst_9_9_V_V_blk_n                         |   9|          2|    1|          2|
    |dst_9_9_V_V_din                           |  15|          3|   18|         54|
    |i1_reg_1335                               |   9|          2|    4|          8|
    |i4_reg_1410                               |   9|          2|    4|          8|
    |indvar_flatten_reg_1324                   |   9|          2|   10|         20|
    |saveValueLayer1_V_Addr_A_orig             |  15|          3|   32|         96|
    |saveValueLayer1_V_Din_A                   |  15|          3|   32|         96|
    |saveValueLayer1_V_WEN_A                   |   9|          2|    4|          8|
    |src_0_V_V_blk_n                           |   9|          2|    1|          2|
    |src_1_V_V_blk_n                           |   9|          2|    1|          2|
    |src_2_V_V_blk_n                           |   9|          2|    1|          2|
    |src_3_V_V_blk_n                           |   9|          2|    1|          2|
    |src_4_V_V_blk_n                           |   9|          2|    1|          2|
    |src_5_V_V_blk_n                           |   9|          2|    1|          2|
    |src_6_V_V_blk_n                           |   9|          2|    1|          2|
    |src_7_V_V_blk_n                           |   9|          2|    1|          2|
    |src_8_V_V_blk_n                           |   9|          2|    1|          2|
    |src_9_V_V_blk_n                           |   9|          2|    1|          2|
    +------------------------------------------+----+-----------+-----+-----------+
    |Total                                     |2900|        608| 2096|       6396|
    +------------------------------------------+----+-----------+-----+-----------+

    * Register: 
    +---------------------------------------+----+----+-----+-----------+
    |                  Name                 | FF | LUT| Bits| Const Bits|
    +---------------------------------------+----+----+-----+-----------+
    |ap_CS_fsm                              |  16|   0|   16|          0|
    |ap_done_reg                            |   1|   0|    1|          0|
    |ap_enable_reg_pp0_iter0                |   1|   0|    1|          0|
    |ap_enable_reg_pp0_iter1                |   1|   0|    1|          0|
    |ap_phi_reg_pp0_iter1_tmp_V_5_reg_1357  |  18|   0|   18|          0|
    |ap_phi_reg_pp0_iter1_tmp_V_7_reg_1384  |  18|   0|   18|          0|
    |ap_reg_pp0_iter1_tmp_mid2_v_reg_1898   |   4|   0|    4|          0|
    |col2_mid2_reg_1892                     |   7|   0|    7|          0|
    |col2_reg_1346                          |   7|   0|    7|          0|
    |col5_reg_1422                          |   3|   0|    3|          0|
    |col_10_reg_1280                        |   3|   0|    3|          0|
    |col_11_reg_1291                        |   3|   0|    3|          0|
    |col_1_reg_1225                         |   3|   0|    3|          0|
    |col_2_reg_1236                         |   3|   0|    3|          0|
    |col_3_reg_1247                         |   3|   0|    3|          0|
    |col_4_reg_1258                         |   3|   0|    3|          0|
    |col_7_reg_1955                         |   7|   0|    7|          0|
    |col_8_reg_1302                         |   3|   0|    3|          0|
    |col_9_reg_1313                         |   3|   0|    3|          0|
    |col_reg_1214                           |   3|   0|    3|          0|
    |col_s_reg_1269                         |   3|   0|    3|          0|
    |exitcond_flatten_reg_1883              |   1|   0|    1|          0|
    |i1_reg_1335                            |   4|   0|    4|          0|
    |i4_reg_1410                            |   4|   0|    4|          0|
    |i_reg_2018                             |   4|   0|    4|          0|
    |indvar_flatten_next_reg_1887           |  10|   0|   10|          0|
    |indvar_flatten_reg_1324                |  10|   0|   10|          0|
    |tmp_57_reg_2010                        |  11|   0|   12|          1|
    |tmp_V_5_reg_1357                       |  18|   0|   18|          0|
    |tmp_mid2_v_reg_1898                    |   4|   0|    4|          0|
    +---------------------------------------+----+----+-----+-----------+
    |Total                                  | 179|   0|  180|          1|
    +---------------------------------------+----+----+-----+-----------+



================================================================
== Interface
================================================================
* Summary: 
+--------------------------+-----+-----+------------+----------------------+--------------+
|         RTL Ports        | Dir | Bits|  Protocol  |     Source Object    |    C Type    |
+--------------------------+-----+-----+------------+----------------------+--------------+
|ap_clk                    |  in |    1| ap_ctrl_hs | Layer12_Maxpool_read | return value |
|ap_rst                    |  in |    1| ap_ctrl_hs | Layer12_Maxpool_read | return value |
|ap_start                  |  in |    1| ap_ctrl_hs | Layer12_Maxpool_read | return value |
|ap_done                   | out |    1| ap_ctrl_hs | Layer12_Maxpool_read | return value |
|ap_continue               |  in |    1| ap_ctrl_hs | Layer12_Maxpool_read | return value |
|ap_idle                   | out |    1| ap_ctrl_hs | Layer12_Maxpool_read | return value |
|ap_ready                  | out |    1| ap_ctrl_hs | Layer12_Maxpool_read | return value |
|src_0_V_V_dout            |  in |   18|   ap_fifo  |       src_0_V_V      |    pointer   |
|src_0_V_V_empty_n         |  in |    1|   ap_fifo  |       src_0_V_V      |    pointer   |
|src_0_V_V_read            | out |    1|   ap_fifo  |       src_0_V_V      |    pointer   |
|src_1_V_V_dout            |  in |   18|   ap_fifo  |       src_1_V_V      |    pointer   |
|src_1_V_V_empty_n         |  in |    1|   ap_fifo  |       src_1_V_V      |    pointer   |
|src_1_V_V_read            | out |    1|   ap_fifo  |       src_1_V_V      |    pointer   |
|src_2_V_V_dout            |  in |   18|   ap_fifo  |       src_2_V_V      |    pointer   |
|src_2_V_V_empty_n         |  in |    1|   ap_fifo  |       src_2_V_V      |    pointer   |
|src_2_V_V_read            | out |    1|   ap_fifo  |       src_2_V_V      |    pointer   |
|src_3_V_V_dout            |  in |   18|   ap_fifo  |       src_3_V_V      |    pointer   |
|src_3_V_V_empty_n         |  in |    1|   ap_fifo  |       src_3_V_V      |    pointer   |
|src_3_V_V_read            | out |    1|   ap_fifo  |       src_3_V_V      |    pointer   |
|src_4_V_V_dout            |  in |   18|   ap_fifo  |       src_4_V_V      |    pointer   |
|src_4_V_V_empty_n         |  in |    1|   ap_fifo  |       src_4_V_V      |    pointer   |
|src_4_V_V_read            | out |    1|   ap_fifo  |       src_4_V_V      |    pointer   |
|src_5_V_V_dout            |  in |   18|   ap_fifo  |       src_5_V_V      |    pointer   |
|src_5_V_V_empty_n         |  in |    1|   ap_fifo  |       src_5_V_V      |    pointer   |
|src_5_V_V_read            | out |    1|   ap_fifo  |       src_5_V_V      |    pointer   |
|src_6_V_V_dout            |  in |   18|   ap_fifo  |       src_6_V_V      |    pointer   |
|src_6_V_V_empty_n         |  in |    1|   ap_fifo  |       src_6_V_V      |    pointer   |
|src_6_V_V_read            | out |    1|   ap_fifo  |       src_6_V_V      |    pointer   |
|src_7_V_V_dout            |  in |   18|   ap_fifo  |       src_7_V_V      |    pointer   |
|src_7_V_V_empty_n         |  in |    1|   ap_fifo  |       src_7_V_V      |    pointer   |
|src_7_V_V_read            | out |    1|   ap_fifo  |       src_7_V_V      |    pointer   |
|src_8_V_V_dout            |  in |   18|   ap_fifo  |       src_8_V_V      |    pointer   |
|src_8_V_V_empty_n         |  in |    1|   ap_fifo  |       src_8_V_V      |    pointer   |
|src_8_V_V_read            | out |    1|   ap_fifo  |       src_8_V_V      |    pointer   |
|src_9_V_V_dout            |  in |   18|   ap_fifo  |       src_9_V_V      |    pointer   |
|src_9_V_V_empty_n         |  in |    1|   ap_fifo  |       src_9_V_V      |    pointer   |
|src_9_V_V_read            | out |    1|   ap_fifo  |       src_9_V_V      |    pointer   |
|dst_0_0_V_V_din           | out |   18|   ap_fifo  |      dst_0_0_V_V     |    pointer   |
|dst_0_0_V_V_full_n        |  in |    1|   ap_fifo  |      dst_0_0_V_V     |    pointer   |
|dst_0_0_V_V_write         | out |    1|   ap_fifo  |      dst_0_0_V_V     |    pointer   |
|dst_0_1_V_V_din           | out |   18|   ap_fifo  |      dst_0_1_V_V     |    pointer   |
|dst_0_1_V_V_full_n        |  in |    1|   ap_fifo  |      dst_0_1_V_V     |    pointer   |
|dst_0_1_V_V_write         | out |    1|   ap_fifo  |      dst_0_1_V_V     |    pointer   |
|dst_0_2_V_V_din           | out |   18|   ap_fifo  |      dst_0_2_V_V     |    pointer   |
|dst_0_2_V_V_full_n        |  in |    1|   ap_fifo  |      dst_0_2_V_V     |    pointer   |
|dst_0_2_V_V_write         | out |    1|   ap_fifo  |      dst_0_2_V_V     |    pointer   |
|dst_0_3_V_V_din           | out |   18|   ap_fifo  |      dst_0_3_V_V     |    pointer   |
|dst_0_3_V_V_full_n        |  in |    1|   ap_fifo  |      dst_0_3_V_V     |    pointer   |
|dst_0_3_V_V_write         | out |    1|   ap_fifo  |      dst_0_3_V_V     |    pointer   |
|dst_0_4_V_V_din           | out |   18|   ap_fifo  |      dst_0_4_V_V     |    pointer   |
|dst_0_4_V_V_full_n        |  in |    1|   ap_fifo  |      dst_0_4_V_V     |    pointer   |
|dst_0_4_V_V_write         | out |    1|   ap_fifo  |      dst_0_4_V_V     |    pointer   |
|dst_0_5_V_V_din           | out |   18|   ap_fifo  |      dst_0_5_V_V     |    pointer   |
|dst_0_5_V_V_full_n        |  in |    1|   ap_fifo  |      dst_0_5_V_V     |    pointer   |
|dst_0_5_V_V_write         | out |    1|   ap_fifo  |      dst_0_5_V_V     |    pointer   |
|dst_0_6_V_V_din           | out |   18|   ap_fifo  |      dst_0_6_V_V     |    pointer   |
|dst_0_6_V_V_full_n        |  in |    1|   ap_fifo  |      dst_0_6_V_V     |    pointer   |
|dst_0_6_V_V_write         | out |    1|   ap_fifo  |      dst_0_6_V_V     |    pointer   |
|dst_0_7_V_V_din           | out |   18|   ap_fifo  |      dst_0_7_V_V     |    pointer   |
|dst_0_7_V_V_full_n        |  in |    1|   ap_fifo  |      dst_0_7_V_V     |    pointer   |
|dst_0_7_V_V_write         | out |    1|   ap_fifo  |      dst_0_7_V_V     |    pointer   |
|dst_0_8_V_V_din           | out |   18|   ap_fifo  |      dst_0_8_V_V     |    pointer   |
|dst_0_8_V_V_full_n        |  in |    1|   ap_fifo  |      dst_0_8_V_V     |    pointer   |
|dst_0_8_V_V_write         | out |    1|   ap_fifo  |      dst_0_8_V_V     |    pointer   |
|dst_0_9_V_V_din           | out |   18|   ap_fifo  |      dst_0_9_V_V     |    pointer   |
|dst_0_9_V_V_full_n        |  in |    1|   ap_fifo  |      dst_0_9_V_V     |    pointer   |
|dst_0_9_V_V_write         | out |    1|   ap_fifo  |      dst_0_9_V_V     |    pointer   |
|dst_1_0_V_V_din           | out |   18|   ap_fifo  |      dst_1_0_V_V     |    pointer   |
|dst_1_0_V_V_full_n        |  in |    1|   ap_fifo  |      dst_1_0_V_V     |    pointer   |
|dst_1_0_V_V_write         | out |    1|   ap_fifo  |      dst_1_0_V_V     |    pointer   |
|dst_1_1_V_V_din           | out |   18|   ap_fifo  |      dst_1_1_V_V     |    pointer   |
|dst_1_1_V_V_full_n        |  in |    1|   ap_fifo  |      dst_1_1_V_V     |    pointer   |
|dst_1_1_V_V_write         | out |    1|   ap_fifo  |      dst_1_1_V_V     |    pointer   |
|dst_1_2_V_V_din           | out |   18|   ap_fifo  |      dst_1_2_V_V     |    pointer   |
|dst_1_2_V_V_full_n        |  in |    1|   ap_fifo  |      dst_1_2_V_V     |    pointer   |
|dst_1_2_V_V_write         | out |    1|   ap_fifo  |      dst_1_2_V_V     |    pointer   |
|dst_1_3_V_V_din           | out |   18|   ap_fifo  |      dst_1_3_V_V     |    pointer   |
|dst_1_3_V_V_full_n        |  in |    1|   ap_fifo  |      dst_1_3_V_V     |    pointer   |
|dst_1_3_V_V_write         | out |    1|   ap_fifo  |      dst_1_3_V_V     |    pointer   |
|dst_1_4_V_V_din           | out |   18|   ap_fifo  |      dst_1_4_V_V     |    pointer   |
|dst_1_4_V_V_full_n        |  in |    1|   ap_fifo  |      dst_1_4_V_V     |    pointer   |
|dst_1_4_V_V_write         | out |    1|   ap_fifo  |      dst_1_4_V_V     |    pointer   |
|dst_1_5_V_V_din           | out |   18|   ap_fifo  |      dst_1_5_V_V     |    pointer   |
|dst_1_5_V_V_full_n        |  in |    1|   ap_fifo  |      dst_1_5_V_V     |    pointer   |
|dst_1_5_V_V_write         | out |    1|   ap_fifo  |      dst_1_5_V_V     |    pointer   |
|dst_1_6_V_V_din           | out |   18|   ap_fifo  |      dst_1_6_V_V     |    pointer   |
|dst_1_6_V_V_full_n        |  in |    1|   ap_fifo  |      dst_1_6_V_V     |    pointer   |
|dst_1_6_V_V_write         | out |    1|   ap_fifo  |      dst_1_6_V_V     |    pointer   |
|dst_1_7_V_V_din           | out |   18|   ap_fifo  |      dst_1_7_V_V     |    pointer   |
|dst_1_7_V_V_full_n        |  in |    1|   ap_fifo  |      dst_1_7_V_V     |    pointer   |
|dst_1_7_V_V_write         | out |    1|   ap_fifo  |      dst_1_7_V_V     |    pointer   |
|dst_1_8_V_V_din           | out |   18|   ap_fifo  |      dst_1_8_V_V     |    pointer   |
|dst_1_8_V_V_full_n        |  in |    1|   ap_fifo  |      dst_1_8_V_V     |    pointer   |
|dst_1_8_V_V_write         | out |    1|   ap_fifo  |      dst_1_8_V_V     |    pointer   |
|dst_1_9_V_V_din           | out |   18|   ap_fifo  |      dst_1_9_V_V     |    pointer   |
|dst_1_9_V_V_full_n        |  in |    1|   ap_fifo  |      dst_1_9_V_V     |    pointer   |
|dst_1_9_V_V_write         | out |    1|   ap_fifo  |      dst_1_9_V_V     |    pointer   |
|dst_2_0_V_V_din           | out |   18|   ap_fifo  |      dst_2_0_V_V     |    pointer   |
|dst_2_0_V_V_full_n        |  in |    1|   ap_fifo  |      dst_2_0_V_V     |    pointer   |
|dst_2_0_V_V_write         | out |    1|   ap_fifo  |      dst_2_0_V_V     |    pointer   |
|dst_2_1_V_V_din           | out |   18|   ap_fifo  |      dst_2_1_V_V     |    pointer   |
|dst_2_1_V_V_full_n        |  in |    1|   ap_fifo  |      dst_2_1_V_V     |    pointer   |
|dst_2_1_V_V_write         | out |    1|   ap_fifo  |      dst_2_1_V_V     |    pointer   |
|dst_2_2_V_V_din           | out |   18|   ap_fifo  |      dst_2_2_V_V     |    pointer   |
|dst_2_2_V_V_full_n        |  in |    1|   ap_fifo  |      dst_2_2_V_V     |    pointer   |
|dst_2_2_V_V_write         | out |    1|   ap_fifo  |      dst_2_2_V_V     |    pointer   |
|dst_2_3_V_V_din           | out |   18|   ap_fifo  |      dst_2_3_V_V     |    pointer   |
|dst_2_3_V_V_full_n        |  in |    1|   ap_fifo  |      dst_2_3_V_V     |    pointer   |
|dst_2_3_V_V_write         | out |    1|   ap_fifo  |      dst_2_3_V_V     |    pointer   |
|dst_2_4_V_V_din           | out |   18|   ap_fifo  |      dst_2_4_V_V     |    pointer   |
|dst_2_4_V_V_full_n        |  in |    1|   ap_fifo  |      dst_2_4_V_V     |    pointer   |
|dst_2_4_V_V_write         | out |    1|   ap_fifo  |      dst_2_4_V_V     |    pointer   |
|dst_2_5_V_V_din           | out |   18|   ap_fifo  |      dst_2_5_V_V     |    pointer   |
|dst_2_5_V_V_full_n        |  in |    1|   ap_fifo  |      dst_2_5_V_V     |    pointer   |
|dst_2_5_V_V_write         | out |    1|   ap_fifo  |      dst_2_5_V_V     |    pointer   |
|dst_2_6_V_V_din           | out |   18|   ap_fifo  |      dst_2_6_V_V     |    pointer   |
|dst_2_6_V_V_full_n        |  in |    1|   ap_fifo  |      dst_2_6_V_V     |    pointer   |
|dst_2_6_V_V_write         | out |    1|   ap_fifo  |      dst_2_6_V_V     |    pointer   |
|dst_2_7_V_V_din           | out |   18|   ap_fifo  |      dst_2_7_V_V     |    pointer   |
|dst_2_7_V_V_full_n        |  in |    1|   ap_fifo  |      dst_2_7_V_V     |    pointer   |
|dst_2_7_V_V_write         | out |    1|   ap_fifo  |      dst_2_7_V_V     |    pointer   |
|dst_2_8_V_V_din           | out |   18|   ap_fifo  |      dst_2_8_V_V     |    pointer   |
|dst_2_8_V_V_full_n        |  in |    1|   ap_fifo  |      dst_2_8_V_V     |    pointer   |
|dst_2_8_V_V_write         | out |    1|   ap_fifo  |      dst_2_8_V_V     |    pointer   |
|dst_2_9_V_V_din           | out |   18|   ap_fifo  |      dst_2_9_V_V     |    pointer   |
|dst_2_9_V_V_full_n        |  in |    1|   ap_fifo  |      dst_2_9_V_V     |    pointer   |
|dst_2_9_V_V_write         | out |    1|   ap_fifo  |      dst_2_9_V_V     |    pointer   |
|dst_3_0_V_V_din           | out |   18|   ap_fifo  |      dst_3_0_V_V     |    pointer   |
|dst_3_0_V_V_full_n        |  in |    1|   ap_fifo  |      dst_3_0_V_V     |    pointer   |
|dst_3_0_V_V_write         | out |    1|   ap_fifo  |      dst_3_0_V_V     |    pointer   |
|dst_3_1_V_V_din           | out |   18|   ap_fifo  |      dst_3_1_V_V     |    pointer   |
|dst_3_1_V_V_full_n        |  in |    1|   ap_fifo  |      dst_3_1_V_V     |    pointer   |
|dst_3_1_V_V_write         | out |    1|   ap_fifo  |      dst_3_1_V_V     |    pointer   |
|dst_3_2_V_V_din           | out |   18|   ap_fifo  |      dst_3_2_V_V     |    pointer   |
|dst_3_2_V_V_full_n        |  in |    1|   ap_fifo  |      dst_3_2_V_V     |    pointer   |
|dst_3_2_V_V_write         | out |    1|   ap_fifo  |      dst_3_2_V_V     |    pointer   |
|dst_3_3_V_V_din           | out |   18|   ap_fifo  |      dst_3_3_V_V     |    pointer   |
|dst_3_3_V_V_full_n        |  in |    1|   ap_fifo  |      dst_3_3_V_V     |    pointer   |
|dst_3_3_V_V_write         | out |    1|   ap_fifo  |      dst_3_3_V_V     |    pointer   |
|dst_3_4_V_V_din           | out |   18|   ap_fifo  |      dst_3_4_V_V     |    pointer   |
|dst_3_4_V_V_full_n        |  in |    1|   ap_fifo  |      dst_3_4_V_V     |    pointer   |
|dst_3_4_V_V_write         | out |    1|   ap_fifo  |      dst_3_4_V_V     |    pointer   |
|dst_3_5_V_V_din           | out |   18|   ap_fifo  |      dst_3_5_V_V     |    pointer   |
|dst_3_5_V_V_full_n        |  in |    1|   ap_fifo  |      dst_3_5_V_V     |    pointer   |
|dst_3_5_V_V_write         | out |    1|   ap_fifo  |      dst_3_5_V_V     |    pointer   |
|dst_3_6_V_V_din           | out |   18|   ap_fifo  |      dst_3_6_V_V     |    pointer   |
|dst_3_6_V_V_full_n        |  in |    1|   ap_fifo  |      dst_3_6_V_V     |    pointer   |
|dst_3_6_V_V_write         | out |    1|   ap_fifo  |      dst_3_6_V_V     |    pointer   |
|dst_3_7_V_V_din           | out |   18|   ap_fifo  |      dst_3_7_V_V     |    pointer   |
|dst_3_7_V_V_full_n        |  in |    1|   ap_fifo  |      dst_3_7_V_V     |    pointer   |
|dst_3_7_V_V_write         | out |    1|   ap_fifo  |      dst_3_7_V_V     |    pointer   |
|dst_3_8_V_V_din           | out |   18|   ap_fifo  |      dst_3_8_V_V     |    pointer   |
|dst_3_8_V_V_full_n        |  in |    1|   ap_fifo  |      dst_3_8_V_V     |    pointer   |
|dst_3_8_V_V_write         | out |    1|   ap_fifo  |      dst_3_8_V_V     |    pointer   |
|dst_3_9_V_V_din           | out |   18|   ap_fifo  |      dst_3_9_V_V     |    pointer   |
|dst_3_9_V_V_full_n        |  in |    1|   ap_fifo  |      dst_3_9_V_V     |    pointer   |
|dst_3_9_V_V_write         | out |    1|   ap_fifo  |      dst_3_9_V_V     |    pointer   |
|dst_4_0_V_V_din           | out |   18|   ap_fifo  |      dst_4_0_V_V     |    pointer   |
|dst_4_0_V_V_full_n        |  in |    1|   ap_fifo  |      dst_4_0_V_V     |    pointer   |
|dst_4_0_V_V_write         | out |    1|   ap_fifo  |      dst_4_0_V_V     |    pointer   |
|dst_4_1_V_V_din           | out |   18|   ap_fifo  |      dst_4_1_V_V     |    pointer   |
|dst_4_1_V_V_full_n        |  in |    1|   ap_fifo  |      dst_4_1_V_V     |    pointer   |
|dst_4_1_V_V_write         | out |    1|   ap_fifo  |      dst_4_1_V_V     |    pointer   |
|dst_4_2_V_V_din           | out |   18|   ap_fifo  |      dst_4_2_V_V     |    pointer   |
|dst_4_2_V_V_full_n        |  in |    1|   ap_fifo  |      dst_4_2_V_V     |    pointer   |
|dst_4_2_V_V_write         | out |    1|   ap_fifo  |      dst_4_2_V_V     |    pointer   |
|dst_4_3_V_V_din           | out |   18|   ap_fifo  |      dst_4_3_V_V     |    pointer   |
|dst_4_3_V_V_full_n        |  in |    1|   ap_fifo  |      dst_4_3_V_V     |    pointer   |
|dst_4_3_V_V_write         | out |    1|   ap_fifo  |      dst_4_3_V_V     |    pointer   |
|dst_4_4_V_V_din           | out |   18|   ap_fifo  |      dst_4_4_V_V     |    pointer   |
|dst_4_4_V_V_full_n        |  in |    1|   ap_fifo  |      dst_4_4_V_V     |    pointer   |
|dst_4_4_V_V_write         | out |    1|   ap_fifo  |      dst_4_4_V_V     |    pointer   |
|dst_4_5_V_V_din           | out |   18|   ap_fifo  |      dst_4_5_V_V     |    pointer   |
|dst_4_5_V_V_full_n        |  in |    1|   ap_fifo  |      dst_4_5_V_V     |    pointer   |
|dst_4_5_V_V_write         | out |    1|   ap_fifo  |      dst_4_5_V_V     |    pointer   |
|dst_4_6_V_V_din           | out |   18|   ap_fifo  |      dst_4_6_V_V     |    pointer   |
|dst_4_6_V_V_full_n        |  in |    1|   ap_fifo  |      dst_4_6_V_V     |    pointer   |
|dst_4_6_V_V_write         | out |    1|   ap_fifo  |      dst_4_6_V_V     |    pointer   |
|dst_4_7_V_V_din           | out |   18|   ap_fifo  |      dst_4_7_V_V     |    pointer   |
|dst_4_7_V_V_full_n        |  in |    1|   ap_fifo  |      dst_4_7_V_V     |    pointer   |
|dst_4_7_V_V_write         | out |    1|   ap_fifo  |      dst_4_7_V_V     |    pointer   |
|dst_4_8_V_V_din           | out |   18|   ap_fifo  |      dst_4_8_V_V     |    pointer   |
|dst_4_8_V_V_full_n        |  in |    1|   ap_fifo  |      dst_4_8_V_V     |    pointer   |
|dst_4_8_V_V_write         | out |    1|   ap_fifo  |      dst_4_8_V_V     |    pointer   |
|dst_4_9_V_V_din           | out |   18|   ap_fifo  |      dst_4_9_V_V     |    pointer   |
|dst_4_9_V_V_full_n        |  in |    1|   ap_fifo  |      dst_4_9_V_V     |    pointer   |
|dst_4_9_V_V_write         | out |    1|   ap_fifo  |      dst_4_9_V_V     |    pointer   |
|dst_5_0_V_V_din           | out |   18|   ap_fifo  |      dst_5_0_V_V     |    pointer   |
|dst_5_0_V_V_full_n        |  in |    1|   ap_fifo  |      dst_5_0_V_V     |    pointer   |
|dst_5_0_V_V_write         | out |    1|   ap_fifo  |      dst_5_0_V_V     |    pointer   |
|dst_5_1_V_V_din           | out |   18|   ap_fifo  |      dst_5_1_V_V     |    pointer   |
|dst_5_1_V_V_full_n        |  in |    1|   ap_fifo  |      dst_5_1_V_V     |    pointer   |
|dst_5_1_V_V_write         | out |    1|   ap_fifo  |      dst_5_1_V_V     |    pointer   |
|dst_5_2_V_V_din           | out |   18|   ap_fifo  |      dst_5_2_V_V     |    pointer   |
|dst_5_2_V_V_full_n        |  in |    1|   ap_fifo  |      dst_5_2_V_V     |    pointer   |
|dst_5_2_V_V_write         | out |    1|   ap_fifo  |      dst_5_2_V_V     |    pointer   |
|dst_5_3_V_V_din           | out |   18|   ap_fifo  |      dst_5_3_V_V     |    pointer   |
|dst_5_3_V_V_full_n        |  in |    1|   ap_fifo  |      dst_5_3_V_V     |    pointer   |
|dst_5_3_V_V_write         | out |    1|   ap_fifo  |      dst_5_3_V_V     |    pointer   |
|dst_5_4_V_V_din           | out |   18|   ap_fifo  |      dst_5_4_V_V     |    pointer   |
|dst_5_4_V_V_full_n        |  in |    1|   ap_fifo  |      dst_5_4_V_V     |    pointer   |
|dst_5_4_V_V_write         | out |    1|   ap_fifo  |      dst_5_4_V_V     |    pointer   |
|dst_5_5_V_V_din           | out |   18|   ap_fifo  |      dst_5_5_V_V     |    pointer   |
|dst_5_5_V_V_full_n        |  in |    1|   ap_fifo  |      dst_5_5_V_V     |    pointer   |
|dst_5_5_V_V_write         | out |    1|   ap_fifo  |      dst_5_5_V_V     |    pointer   |
|dst_5_6_V_V_din           | out |   18|   ap_fifo  |      dst_5_6_V_V     |    pointer   |
|dst_5_6_V_V_full_n        |  in |    1|   ap_fifo  |      dst_5_6_V_V     |    pointer   |
|dst_5_6_V_V_write         | out |    1|   ap_fifo  |      dst_5_6_V_V     |    pointer   |
|dst_5_7_V_V_din           | out |   18|   ap_fifo  |      dst_5_7_V_V     |    pointer   |
|dst_5_7_V_V_full_n        |  in |    1|   ap_fifo  |      dst_5_7_V_V     |    pointer   |
|dst_5_7_V_V_write         | out |    1|   ap_fifo  |      dst_5_7_V_V     |    pointer   |
|dst_5_8_V_V_din           | out |   18|   ap_fifo  |      dst_5_8_V_V     |    pointer   |
|dst_5_8_V_V_full_n        |  in |    1|   ap_fifo  |      dst_5_8_V_V     |    pointer   |
|dst_5_8_V_V_write         | out |    1|   ap_fifo  |      dst_5_8_V_V     |    pointer   |
|dst_5_9_V_V_din           | out |   18|   ap_fifo  |      dst_5_9_V_V     |    pointer   |
|dst_5_9_V_V_full_n        |  in |    1|   ap_fifo  |      dst_5_9_V_V     |    pointer   |
|dst_5_9_V_V_write         | out |    1|   ap_fifo  |      dst_5_9_V_V     |    pointer   |
|dst_6_0_V_V_din           | out |   18|   ap_fifo  |      dst_6_0_V_V     |    pointer   |
|dst_6_0_V_V_full_n        |  in |    1|   ap_fifo  |      dst_6_0_V_V     |    pointer   |
|dst_6_0_V_V_write         | out |    1|   ap_fifo  |      dst_6_0_V_V     |    pointer   |
|dst_6_1_V_V_din           | out |   18|   ap_fifo  |      dst_6_1_V_V     |    pointer   |
|dst_6_1_V_V_full_n        |  in |    1|   ap_fifo  |      dst_6_1_V_V     |    pointer   |
|dst_6_1_V_V_write         | out |    1|   ap_fifo  |      dst_6_1_V_V     |    pointer   |
|dst_6_2_V_V_din           | out |   18|   ap_fifo  |      dst_6_2_V_V     |    pointer   |
|dst_6_2_V_V_full_n        |  in |    1|   ap_fifo  |      dst_6_2_V_V     |    pointer   |
|dst_6_2_V_V_write         | out |    1|   ap_fifo  |      dst_6_2_V_V     |    pointer   |
|dst_6_3_V_V_din           | out |   18|   ap_fifo  |      dst_6_3_V_V     |    pointer   |
|dst_6_3_V_V_full_n        |  in |    1|   ap_fifo  |      dst_6_3_V_V     |    pointer   |
|dst_6_3_V_V_write         | out |    1|   ap_fifo  |      dst_6_3_V_V     |    pointer   |
|dst_6_4_V_V_din           | out |   18|   ap_fifo  |      dst_6_4_V_V     |    pointer   |
|dst_6_4_V_V_full_n        |  in |    1|   ap_fifo  |      dst_6_4_V_V     |    pointer   |
|dst_6_4_V_V_write         | out |    1|   ap_fifo  |      dst_6_4_V_V     |    pointer   |
|dst_6_5_V_V_din           | out |   18|   ap_fifo  |      dst_6_5_V_V     |    pointer   |
|dst_6_5_V_V_full_n        |  in |    1|   ap_fifo  |      dst_6_5_V_V     |    pointer   |
|dst_6_5_V_V_write         | out |    1|   ap_fifo  |      dst_6_5_V_V     |    pointer   |
|dst_6_6_V_V_din           | out |   18|   ap_fifo  |      dst_6_6_V_V     |    pointer   |
|dst_6_6_V_V_full_n        |  in |    1|   ap_fifo  |      dst_6_6_V_V     |    pointer   |
|dst_6_6_V_V_write         | out |    1|   ap_fifo  |      dst_6_6_V_V     |    pointer   |
|dst_6_7_V_V_din           | out |   18|   ap_fifo  |      dst_6_7_V_V     |    pointer   |
|dst_6_7_V_V_full_n        |  in |    1|   ap_fifo  |      dst_6_7_V_V     |    pointer   |
|dst_6_7_V_V_write         | out |    1|   ap_fifo  |      dst_6_7_V_V     |    pointer   |
|dst_6_8_V_V_din           | out |   18|   ap_fifo  |      dst_6_8_V_V     |    pointer   |
|dst_6_8_V_V_full_n        |  in |    1|   ap_fifo  |      dst_6_8_V_V     |    pointer   |
|dst_6_8_V_V_write         | out |    1|   ap_fifo  |      dst_6_8_V_V     |    pointer   |
|dst_6_9_V_V_din           | out |   18|   ap_fifo  |      dst_6_9_V_V     |    pointer   |
|dst_6_9_V_V_full_n        |  in |    1|   ap_fifo  |      dst_6_9_V_V     |    pointer   |
|dst_6_9_V_V_write         | out |    1|   ap_fifo  |      dst_6_9_V_V     |    pointer   |
|dst_7_0_V_V_din           | out |   18|   ap_fifo  |      dst_7_0_V_V     |    pointer   |
|dst_7_0_V_V_full_n        |  in |    1|   ap_fifo  |      dst_7_0_V_V     |    pointer   |
|dst_7_0_V_V_write         | out |    1|   ap_fifo  |      dst_7_0_V_V     |    pointer   |
|dst_7_1_V_V_din           | out |   18|   ap_fifo  |      dst_7_1_V_V     |    pointer   |
|dst_7_1_V_V_full_n        |  in |    1|   ap_fifo  |      dst_7_1_V_V     |    pointer   |
|dst_7_1_V_V_write         | out |    1|   ap_fifo  |      dst_7_1_V_V     |    pointer   |
|dst_7_2_V_V_din           | out |   18|   ap_fifo  |      dst_7_2_V_V     |    pointer   |
|dst_7_2_V_V_full_n        |  in |    1|   ap_fifo  |      dst_7_2_V_V     |    pointer   |
|dst_7_2_V_V_write         | out |    1|   ap_fifo  |      dst_7_2_V_V     |    pointer   |
|dst_7_3_V_V_din           | out |   18|   ap_fifo  |      dst_7_3_V_V     |    pointer   |
|dst_7_3_V_V_full_n        |  in |    1|   ap_fifo  |      dst_7_3_V_V     |    pointer   |
|dst_7_3_V_V_write         | out |    1|   ap_fifo  |      dst_7_3_V_V     |    pointer   |
|dst_7_4_V_V_din           | out |   18|   ap_fifo  |      dst_7_4_V_V     |    pointer   |
|dst_7_4_V_V_full_n        |  in |    1|   ap_fifo  |      dst_7_4_V_V     |    pointer   |
|dst_7_4_V_V_write         | out |    1|   ap_fifo  |      dst_7_4_V_V     |    pointer   |
|dst_7_5_V_V_din           | out |   18|   ap_fifo  |      dst_7_5_V_V     |    pointer   |
|dst_7_5_V_V_full_n        |  in |    1|   ap_fifo  |      dst_7_5_V_V     |    pointer   |
|dst_7_5_V_V_write         | out |    1|   ap_fifo  |      dst_7_5_V_V     |    pointer   |
|dst_7_6_V_V_din           | out |   18|   ap_fifo  |      dst_7_6_V_V     |    pointer   |
|dst_7_6_V_V_full_n        |  in |    1|   ap_fifo  |      dst_7_6_V_V     |    pointer   |
|dst_7_6_V_V_write         | out |    1|   ap_fifo  |      dst_7_6_V_V     |    pointer   |
|dst_7_7_V_V_din           | out |   18|   ap_fifo  |      dst_7_7_V_V     |    pointer   |
|dst_7_7_V_V_full_n        |  in |    1|   ap_fifo  |      dst_7_7_V_V     |    pointer   |
|dst_7_7_V_V_write         | out |    1|   ap_fifo  |      dst_7_7_V_V     |    pointer   |
|dst_7_8_V_V_din           | out |   18|   ap_fifo  |      dst_7_8_V_V     |    pointer   |
|dst_7_8_V_V_full_n        |  in |    1|   ap_fifo  |      dst_7_8_V_V     |    pointer   |
|dst_7_8_V_V_write         | out |    1|   ap_fifo  |      dst_7_8_V_V     |    pointer   |
|dst_7_9_V_V_din           | out |   18|   ap_fifo  |      dst_7_9_V_V     |    pointer   |
|dst_7_9_V_V_full_n        |  in |    1|   ap_fifo  |      dst_7_9_V_V     |    pointer   |
|dst_7_9_V_V_write         | out |    1|   ap_fifo  |      dst_7_9_V_V     |    pointer   |
|dst_8_0_V_V_din           | out |   18|   ap_fifo  |      dst_8_0_V_V     |    pointer   |
|dst_8_0_V_V_full_n        |  in |    1|   ap_fifo  |      dst_8_0_V_V     |    pointer   |
|dst_8_0_V_V_write         | out |    1|   ap_fifo  |      dst_8_0_V_V     |    pointer   |
|dst_8_1_V_V_din           | out |   18|   ap_fifo  |      dst_8_1_V_V     |    pointer   |
|dst_8_1_V_V_full_n        |  in |    1|   ap_fifo  |      dst_8_1_V_V     |    pointer   |
|dst_8_1_V_V_write         | out |    1|   ap_fifo  |      dst_8_1_V_V     |    pointer   |
|dst_8_2_V_V_din           | out |   18|   ap_fifo  |      dst_8_2_V_V     |    pointer   |
|dst_8_2_V_V_full_n        |  in |    1|   ap_fifo  |      dst_8_2_V_V     |    pointer   |
|dst_8_2_V_V_write         | out |    1|   ap_fifo  |      dst_8_2_V_V     |    pointer   |
|dst_8_3_V_V_din           | out |   18|   ap_fifo  |      dst_8_3_V_V     |    pointer   |
|dst_8_3_V_V_full_n        |  in |    1|   ap_fifo  |      dst_8_3_V_V     |    pointer   |
|dst_8_3_V_V_write         | out |    1|   ap_fifo  |      dst_8_3_V_V     |    pointer   |
|dst_8_4_V_V_din           | out |   18|   ap_fifo  |      dst_8_4_V_V     |    pointer   |
|dst_8_4_V_V_full_n        |  in |    1|   ap_fifo  |      dst_8_4_V_V     |    pointer   |
|dst_8_4_V_V_write         | out |    1|   ap_fifo  |      dst_8_4_V_V     |    pointer   |
|dst_8_5_V_V_din           | out |   18|   ap_fifo  |      dst_8_5_V_V     |    pointer   |
|dst_8_5_V_V_full_n        |  in |    1|   ap_fifo  |      dst_8_5_V_V     |    pointer   |
|dst_8_5_V_V_write         | out |    1|   ap_fifo  |      dst_8_5_V_V     |    pointer   |
|dst_8_6_V_V_din           | out |   18|   ap_fifo  |      dst_8_6_V_V     |    pointer   |
|dst_8_6_V_V_full_n        |  in |    1|   ap_fifo  |      dst_8_6_V_V     |    pointer   |
|dst_8_6_V_V_write         | out |    1|   ap_fifo  |      dst_8_6_V_V     |    pointer   |
|dst_8_7_V_V_din           | out |   18|   ap_fifo  |      dst_8_7_V_V     |    pointer   |
|dst_8_7_V_V_full_n        |  in |    1|   ap_fifo  |      dst_8_7_V_V     |    pointer   |
|dst_8_7_V_V_write         | out |    1|   ap_fifo  |      dst_8_7_V_V     |    pointer   |
|dst_8_8_V_V_din           | out |   18|   ap_fifo  |      dst_8_8_V_V     |    pointer   |
|dst_8_8_V_V_full_n        |  in |    1|   ap_fifo  |      dst_8_8_V_V     |    pointer   |
|dst_8_8_V_V_write         | out |    1|   ap_fifo  |      dst_8_8_V_V     |    pointer   |
|dst_8_9_V_V_din           | out |   18|   ap_fifo  |      dst_8_9_V_V     |    pointer   |
|dst_8_9_V_V_full_n        |  in |    1|   ap_fifo  |      dst_8_9_V_V     |    pointer   |
|dst_8_9_V_V_write         | out |    1|   ap_fifo  |      dst_8_9_V_V     |    pointer   |
|dst_9_0_V_V_din           | out |   18|   ap_fifo  |      dst_9_0_V_V     |    pointer   |
|dst_9_0_V_V_full_n        |  in |    1|   ap_fifo  |      dst_9_0_V_V     |    pointer   |
|dst_9_0_V_V_write         | out |    1|   ap_fifo  |      dst_9_0_V_V     |    pointer   |
|dst_9_1_V_V_din           | out |   18|   ap_fifo  |      dst_9_1_V_V     |    pointer   |
|dst_9_1_V_V_full_n        |  in |    1|   ap_fifo  |      dst_9_1_V_V     |    pointer   |
|dst_9_1_V_V_write         | out |    1|   ap_fifo  |      dst_9_1_V_V     |    pointer   |
|dst_9_2_V_V_din           | out |   18|   ap_fifo  |      dst_9_2_V_V     |    pointer   |
|dst_9_2_V_V_full_n        |  in |    1|   ap_fifo  |      dst_9_2_V_V     |    pointer   |
|dst_9_2_V_V_write         | out |    1|   ap_fifo  |      dst_9_2_V_V     |    pointer   |
|dst_9_3_V_V_din           | out |   18|   ap_fifo  |      dst_9_3_V_V     |    pointer   |
|dst_9_3_V_V_full_n        |  in |    1|   ap_fifo  |      dst_9_3_V_V     |    pointer   |
|dst_9_3_V_V_write         | out |    1|   ap_fifo  |      dst_9_3_V_V     |    pointer   |
|dst_9_4_V_V_din           | out |   18|   ap_fifo  |      dst_9_4_V_V     |    pointer   |
|dst_9_4_V_V_full_n        |  in |    1|   ap_fifo  |      dst_9_4_V_V     |    pointer   |
|dst_9_4_V_V_write         | out |    1|   ap_fifo  |      dst_9_4_V_V     |    pointer   |
|dst_9_5_V_V_din           | out |   18|   ap_fifo  |      dst_9_5_V_V     |    pointer   |
|dst_9_5_V_V_full_n        |  in |    1|   ap_fifo  |      dst_9_5_V_V     |    pointer   |
|dst_9_5_V_V_write         | out |    1|   ap_fifo  |      dst_9_5_V_V     |    pointer   |
|dst_9_6_V_V_din           | out |   18|   ap_fifo  |      dst_9_6_V_V     |    pointer   |
|dst_9_6_V_V_full_n        |  in |    1|   ap_fifo  |      dst_9_6_V_V     |    pointer   |
|dst_9_6_V_V_write         | out |    1|   ap_fifo  |      dst_9_6_V_V     |    pointer   |
|dst_9_7_V_V_din           | out |   18|   ap_fifo  |      dst_9_7_V_V     |    pointer   |
|dst_9_7_V_V_full_n        |  in |    1|   ap_fifo  |      dst_9_7_V_V     |    pointer   |
|dst_9_7_V_V_write         | out |    1|   ap_fifo  |      dst_9_7_V_V     |    pointer   |
|dst_9_8_V_V_din           | out |   18|   ap_fifo  |      dst_9_8_V_V     |    pointer   |
|dst_9_8_V_V_full_n        |  in |    1|   ap_fifo  |      dst_9_8_V_V     |    pointer   |
|dst_9_8_V_V_write         | out |    1|   ap_fifo  |      dst_9_8_V_V     |    pointer   |
|dst_9_9_V_V_din           | out |   18|   ap_fifo  |      dst_9_9_V_V     |    pointer   |
|dst_9_9_V_V_full_n        |  in |    1|   ap_fifo  |      dst_9_9_V_V     |    pointer   |
|dst_9_9_V_V_write         | out |    1|   ap_fifo  |      dst_9_9_V_V     |    pointer   |
|saveValueLayer1_V_Addr_A  | out |   32|    bram    |   saveValueLayer1_V  |     array    |
|saveValueLayer1_V_EN_A    | out |    1|    bram    |   saveValueLayer1_V  |     array    |
|saveValueLayer1_V_WEN_A   | out |    4|    bram    |   saveValueLayer1_V  |     array    |
|saveValueLayer1_V_Din_A   | out |   32|    bram    |   saveValueLayer1_V  |     array    |
|saveValueLayer1_V_Dout_A  |  in |   32|    bram    |   saveValueLayer1_V  |     array    |
+--------------------------+-----+-----+------------+----------------------+--------------+

